[2026-09-16T22:46:53.186641+07:00] starting arm 'condprep_v1' (100 epochs)
[2026-09-16T22:55:52.294998+07:00] epoch 1/100 | box_loss=1.57509 | cls_loss=1.17901 | dfl_loss=0.99995 | precision=0.5984 | recall=0.4015 | mAP50=0.4289 | mAP50-95=0.2572 | per_class(mAP50/mAP50-95)=[car=0.706/0.411 truck=0.452/0.302 bus=0.458/0.325 motor=0.225/0.117 bike=0.303/0.130]
[2026-09-16T23:03:23.346428+07:00] epoch 2/100 | box_loss=1.60563 | cls_loss=1.17232 | dfl_loss=1.00589 | precision=0.4971 | recall=0.3921 | mAP50=0.3914 | mAP50-95=0.2359 | per_class(mAP50/mAP50-95)=[car=0.708/0.415 truck=0.436/0.286 bus=0.425/0.315 motor=0.124/0.056 bike=0.263/0.109]
[2026-09-16T23:10:33.876736+07:00] epoch 3/100 | box_loss=1.62990 | cls_loss=1.20026 | dfl_loss=1.01727 | precision=0.6218 | recall=0.3656 | mAP50=0.4061 | mAP50-95=0.2403 | per_class(mAP50/mAP50-95)=[car=0.713/0.418 truck=0.447/0.297 bus=0.409/0.286 motor=0.254/0.115 bike=0.206/0.085]
[2026-09-16T23:17:40.004042+07:00] epoch 4/100 | box_loss=1.61196 | cls_loss=1.16386 | dfl_loss=1.01239 | precision=0.6292 | recall=0.4234 | mAP50=0.4642 | mAP50-95=0.2775 | per_class(mAP50/mAP50-95)=[car=0.734/0.435 truck=0.488/0.326 bus=0.496/0.369 motor=0.321/0.139 bike=0.282/0.118]
[2026-09-16T23:24:46.333101+07:00] epoch 5/100 | box_loss=1.56367 | cls_loss=1.10482 | dfl_loss=0.99639 | precision=0.5763 | recall=0.4599 | mAP50=0.4746 | mAP50-95=0.2899 | per_class(mAP50/mAP50-95)=[car=0.745/0.445 truck=0.534/0.367 bus=0.504/0.373 motor=0.329/0.143 bike=0.259/0.122]
[2026-09-16T23:31:53.316649+07:00] epoch 6/100 | box_loss=1.53895 | cls_loss=1.07234 | dfl_loss=0.98816 | precision=0.6113 | recall=0.4520 | mAP50=0.4908 | mAP50-95=0.3042 | per_class(mAP50/mAP50-95)=[car=0.755/0.451 truck=0.552/0.381 bus=0.527/0.399 motor=0.265/0.119 bike=0.355/0.171]
[2026-09-16T23:39:00.963047+07:00] epoch 7/100 | box_loss=1.52020 | cls_loss=1.04650 | dfl_loss=0.98121 | precision=0.6623 | recall=0.4644 | mAP50=0.5156 | mAP50-95=0.3165 | per_class(mAP50/mAP50-95)=[car=0.757/0.455 truck=0.555/0.390 bus=0.545/0.404 motor=0.330/0.147 bike=0.391/0.186]
[2026-09-16T23:46:08.614732+07:00] epoch 8/100 | box_loss=1.51093 | cls_loss=1.03456 | dfl_loss=0.97896 | precision=0.6647 | recall=0.4785 | mAP50=0.5217 | mAP50-95=0.3253 | per_class(mAP50/mAP50-95)=[car=0.761/0.459 truck=0.584/0.406 bus=0.569/0.429 motor=0.321/0.151 bike=0.374/0.182]
[2026-09-16T23:53:16.832412+07:00] epoch 9/100 | box_loss=1.50007 | cls_loss=1.01889 | dfl_loss=0.97439 | precision=0.5999 | recall=0.5081 | mAP50=0.5372 | mAP50-95=0.3319 | per_class(mAP50/mAP50-95)=[car=0.766/0.462 truck=0.590/0.418 bus=0.570/0.432 motor=0.322/0.138 bike=0.438/0.209]
[2026-09-17T00:00:21.421201+07:00] epoch 10/100 | box_loss=1.49558 | cls_loss=1.01495 | dfl_loss=0.97232 | precision=0.6129 | recall=0.5123 | mAP50=0.5415 | mAP50-95=0.3363 | per_class(mAP50/mAP50-95)=[car=0.768/0.464 truck=0.593/0.416 bus=0.562/0.430 motor=0.372/0.172 bike=0.412/0.199]
[2026-09-17T00:07:26.393998+07:00] epoch 11/100 | box_loss=1.48749 | cls_loss=1.00425 | dfl_loss=0.97066 | precision=0.6464 | recall=0.4970 | mAP50=0.5505 | mAP50-95=0.3399 | per_class(mAP50/mAP50-95)=[car=0.770/0.465 truck=0.594/0.415 bus=0.577/0.437 motor=0.396/0.181 bike=0.416/0.201]
[2026-09-17T00:14:30.979874+07:00] epoch 12/100 | box_loss=1.48128 | cls_loss=0.99725 | dfl_loss=0.96889 | precision=0.6567 | recall=0.4906 | mAP50=0.5483 | mAP50-95=0.3415 | per_class(mAP50/mAP50-95)=[car=0.773/0.468 truck=0.598/0.420 bus=0.576/0.438 motor=0.372/0.179 bike=0.423/0.204]
[2026-09-17T00:21:35.850942+07:00] epoch 13/100 | box_loss=1.47534 | cls_loss=0.98914 | dfl_loss=0.96725 | precision=0.7246 | recall=0.4579 | mAP50=0.5514 | mAP50-95=0.3461 | per_class(mAP50/mAP50-95)=[car=0.775/0.469 truck=0.598/0.426 bus=0.582/0.438 motor=0.383/0.182 bike=0.419/0.217]
[2026-09-17T00:28:41.192927+07:00] epoch 14/100 | box_loss=1.47235 | cls_loss=0.98479 | dfl_loss=0.96566 | precision=0.6600 | recall=0.4842 | mAP50=0.5520 | mAP50-95=0.3469 | per_class(mAP50/mAP50-95)=[car=0.777/0.470 truck=0.597/0.426 bus=0.585/0.440 motor=0.366/0.179 bike=0.435/0.219]
[2026-09-17T00:35:42.872918+07:00] epoch 15/100 | box_loss=1.46808 | cls_loss=0.98212 | dfl_loss=0.96508 | precision=0.7237 | recall=0.4640 | mAP50=0.5508 | mAP50-95=0.3483 | per_class(mAP50/mAP50-95)=[car=0.778/0.470 truck=0.602/0.426 bus=0.587/0.441 motor=0.364/0.182 bike=0.424/0.222]
[2026-09-17T00:42:46.424553+07:00] epoch 16/100 | box_loss=1.46648 | cls_loss=0.97951 | dfl_loss=0.96384 | precision=0.7297 | recall=0.4650 | mAP50=0.5523 | mAP50-95=0.3485 | per_class(mAP50/mAP50-95)=[car=0.778/0.471 truck=0.602/0.428 bus=0.585/0.442 motor=0.364/0.179 bike=0.433/0.222]
[2026-09-17T00:49:51.969527+07:00] epoch 17/100 | box_loss=1.46201 | cls_loss=0.97368 | dfl_loss=0.96365 | precision=0.6404 | recall=0.5041 | mAP50=0.5546 | mAP50-95=0.3489 | per_class(mAP50/mAP50-95)=[car=0.779/0.472 truck=0.602/0.432 bus=0.588/0.442 motor=0.361/0.178 bike=0.442/0.220]
[2026-09-17T00:56:58.238893+07:00] epoch 18/100 | box_loss=1.46020 | cls_loss=0.96975 | dfl_loss=0.96189 | precision=0.6264 | recall=0.5182 | mAP50=0.5604 | mAP50-95=0.3506 | per_class(mAP50/mAP50-95)=[car=0.779/0.472 truck=0.604/0.433 bus=0.592/0.445 motor=0.381/0.180 bike=0.446/0.224]
[2026-09-17T01:04:03.923255+07:00] epoch 19/100 | box_loss=1.45842 | cls_loss=0.96713 | dfl_loss=0.96108 | precision=0.6424 | recall=0.5102 | mAP50=0.5609 | mAP50-95=0.3493 | per_class(mAP50/mAP50-95)=[car=0.780/0.472 truck=0.602/0.432 bus=0.592/0.443 motor=0.383/0.175 bike=0.448/0.225]
[2026-09-17T01:11:09.383099+07:00] epoch 20/100 | box_loss=1.45718 | cls_loss=0.96529 | dfl_loss=0.96111 | precision=0.6596 | recall=0.5100 | mAP50=0.5603 | mAP50-95=0.3496 | per_class(mAP50/mAP50-95)=[car=0.780/0.473 truck=0.603/0.432 bus=0.591/0.441 motor=0.384/0.175 bike=0.444/0.227]
[2026-09-17T01:18:15.600194+07:00] epoch 21/100 | box_loss=1.45258 | cls_loss=0.96101 | dfl_loss=0.95964 | precision=0.6562 | recall=0.5095 | mAP50=0.5620 | mAP50-95=0.3501 | per_class(mAP50/mAP50-95)=[car=0.780/0.473 truck=0.604/0.433 bus=0.592/0.442 motor=0.388/0.177 bike=0.446/0.226]
[2026-09-17T01:25:23.966501+07:00] epoch 22/100 | box_loss=1.45135 | cls_loss=0.96014 | dfl_loss=0.95907 | precision=0.6668 | recall=0.5096 | mAP50=0.5638 | mAP50-95=0.3510 | per_class(mAP50/mAP50-95)=[car=0.781/0.474 truck=0.604/0.433 bus=0.593/0.441 motor=0.387/0.178 bike=0.454/0.229]
[2026-09-17T01:32:29.899169+07:00] epoch 23/100 | box_loss=1.44662 | cls_loss=0.95447 | dfl_loss=0.95853 | precision=0.6667 | recall=0.5021 | mAP50=0.5658 | mAP50-95=0.3522 | per_class(mAP50/mAP50-95)=[car=0.781/0.474 truck=0.605/0.433 bus=0.592/0.442 motor=0.391/0.178 bike=0.460/0.234]
[2026-09-17T01:39:36.610678+07:00] epoch 24/100 | box_loss=1.44693 | cls_loss=0.95314 | dfl_loss=0.95842 | precision=0.6815 | recall=0.5032 | mAP50=0.5681 | mAP50-95=0.3545 | per_class(mAP50/mAP50-95)=[car=0.781/0.474 truck=0.610/0.434 bus=0.594/0.442 motor=0.396/0.182 bike=0.460/0.240]
[2026-09-17T01:46:43.375188+07:00] epoch 25/100 | box_loss=1.44381 | cls_loss=0.94912 | dfl_loss=0.95689 | precision=0.7154 | recall=0.4932 | mAP50=0.5715 | mAP50-95=0.3559 | per_class(mAP50/mAP50-95)=[car=0.781/0.475 truck=0.612/0.436 bus=0.595/0.446 motor=0.400/0.183 bike=0.469/0.240]
[2026-09-17T01:53:47.121866+07:00] epoch 26/100 | box_loss=1.44112 | cls_loss=0.94787 | dfl_loss=0.95697 | precision=0.7183 | recall=0.4876 | mAP50=0.5696 | mAP50-95=0.3560 | per_class(mAP50/mAP50-95)=[car=0.781/0.475 truck=0.610/0.434 bus=0.597/0.448 motor=0.398/0.184 bike=0.461/0.239]
[2026-09-17T02:00:51.749885+07:00] epoch 27/100 | box_loss=1.44153 | cls_loss=0.94805 | dfl_loss=0.95676 | precision=0.7318 | recall=0.4854 | mAP50=0.5725 | mAP50-95=0.3564 | per_class(mAP50/mAP50-95)=[car=0.782/0.475 truck=0.612/0.436 bus=0.599/0.449 motor=0.401/0.185 bike=0.469/0.237]
[2026-09-17T02:07:55.267880+07:00] epoch 28/100 | box_loss=1.43732 | cls_loss=0.94322 | dfl_loss=0.95656 | precision=0.7361 | recall=0.4910 | mAP50=0.5715 | mAP50-95=0.3566 | per_class(mAP50/mAP50-95)=[car=0.782/0.476 truck=0.613/0.438 bus=0.599/0.450 motor=0.402/0.183 bike=0.461/0.235]
[2026-09-17T02:14:59.063808+07:00] epoch 29/100 | box_loss=1.43759 | cls_loss=0.94208 | dfl_loss=0.95527 | precision=0.7262 | recall=0.4905 | mAP50=0.5718 | mAP50-95=0.3566 | per_class(mAP50/mAP50-95)=[car=0.782/0.476 truck=0.613/0.438 bus=0.598/0.452 motor=0.405/0.185 bike=0.461/0.233]
[2026-09-17T02:22:02.252280+07:00] epoch 30/100 | box_loss=1.43464 | cls_loss=0.94150 | dfl_loss=0.95410 | precision=0.7224 | recall=0.4928 | mAP50=0.5720 | mAP50-95=0.3576 | per_class(mAP50/mAP50-95)=[car=0.783/0.476 truck=0.614/0.438 bus=0.599/0.453 motor=0.405/0.187 bike=0.459/0.233]
[2026-09-17T02:29:08.864811+07:00] epoch 31/100 | box_loss=1.43204 | cls_loss=0.93844 | dfl_loss=0.95432 | precision=0.7316 | recall=0.4929 | mAP50=0.5727 | mAP50-95=0.3574 | per_class(mAP50/mAP50-95)=[car=0.783/0.477 truck=0.617/0.439 bus=0.598/0.453 motor=0.406/0.186 bike=0.460/0.232]
[2026-09-17T02:36:16.423691+07:00] epoch 32/100 | box_loss=1.43190 | cls_loss=0.93696 | dfl_loss=0.95386 | precision=0.7356 | recall=0.4870 | mAP50=0.5738 | mAP50-95=0.3582 | per_class(mAP50/mAP50-95)=[car=0.783/0.477 truck=0.618/0.441 bus=0.600/0.454 motor=0.403/0.183 bike=0.465/0.235]
[2026-09-17T02:43:24.135416+07:00] epoch 33/100 | box_loss=1.43039 | cls_loss=0.93710 | dfl_loss=0.95394 | precision=0.7110 | recall=0.4968 | mAP50=0.5743 | mAP50-95=0.3585 | per_class(mAP50/mAP50-95)=[car=0.783/0.477 truck=0.619/0.442 bus=0.601/0.454 motor=0.405/0.184 bike=0.463/0.235]
[2026-09-17T02:50:31.029339+07:00] epoch 34/100 | box_loss=1.43005 | cls_loss=0.93377 | dfl_loss=0.95252 | precision=0.6792 | recall=0.5047 | mAP50=0.5759 | mAP50-95=0.3594 | per_class(mAP50/mAP50-95)=[car=0.783/0.477 truck=0.621/0.443 bus=0.603/0.458 motor=0.406/0.185 bike=0.466/0.234]
[2026-09-17T02:57:37.076339+07:00] epoch 35/100 | box_loss=1.42998 | cls_loss=0.93390 | dfl_loss=0.95330 | precision=0.6852 | recall=0.5074 | mAP50=0.5774 | mAP50-95=0.3606 | per_class(mAP50/mAP50-95)=[car=0.784/0.477 truck=0.622/0.445 bus=0.604/0.459 motor=0.407/0.185 bike=0.471/0.238]
[2026-09-17T03:04:44.418867+07:00] epoch 36/100 | box_loss=1.42978 | cls_loss=0.92947 | dfl_loss=0.95226 | precision=0.7538 | recall=0.4844 | mAP50=0.5785 | mAP50-95=0.3613 | per_class(mAP50/mAP50-95)=[car=0.784/0.478 truck=0.622/0.447 bus=0.606/0.457 motor=0.407/0.185 bike=0.473/0.240]
[2026-09-17T03:11:48.780801+07:00] epoch 37/100 | box_loss=1.42505 | cls_loss=0.92718 | dfl_loss=0.95251 | precision=0.6508 | recall=0.5404 | mAP50=0.5851 | mAP50-95=0.3617 | per_class(mAP50/mAP50-95)=[car=0.784/0.478 truck=0.622/0.447 bus=0.605/0.459 motor=0.441/0.187 bike=0.473/0.237]
[2026-09-17T03:18:51.860707+07:00] epoch 38/100 | box_loss=1.42481 | cls_loss=0.92679 | dfl_loss=0.95108 | precision=0.6490 | recall=0.5357 | mAP50=0.5770 | mAP50-95=0.3612 | per_class(mAP50/mAP50-95)=[car=0.784/0.478 truck=0.623/0.448 bus=0.607/0.460 motor=0.400/0.185 bike=0.471/0.235]
[2026-09-17T03:25:56.124695+07:00] epoch 39/100 | box_loss=1.42255 | cls_loss=0.92427 | dfl_loss=0.95108 | precision=0.6486 | recall=0.5400 | mAP50=0.5777 | mAP50-95=0.3616 | per_class(mAP50/mAP50-95)=[car=0.784/0.478 truck=0.622/0.449 bus=0.606/0.462 motor=0.402/0.186 bike=0.474/0.233]
[2026-09-17T03:33:00.504735+07:00] epoch 40/100 | box_loss=1.42196 | cls_loss=0.92275 | dfl_loss=0.95025 | precision=0.6554 | recall=0.5421 | mAP50=0.5796 | mAP50-95=0.3624 | per_class(mAP50/mAP50-95)=[car=0.784/0.479 truck=0.624/0.450 bus=0.608/0.465 motor=0.410/0.187 bike=0.473/0.232]
[2026-09-17T03:40:06.707112+07:00] epoch 41/100 | box_loss=1.41905 | cls_loss=0.92046 | dfl_loss=0.94998 | precision=0.6673 | recall=0.5478 | mAP50=0.5814 | mAP50-95=0.3634 | per_class(mAP50/mAP50-95)=[car=0.786/0.479 truck=0.624/0.449 bus=0.610/0.467 motor=0.414/0.189 bike=0.472/0.234]
[2026-09-17T03:47:11.677597+07:00] epoch 42/100 | box_loss=1.41768 | cls_loss=0.92006 | dfl_loss=0.95076 | precision=0.6607 | recall=0.5495 | mAP50=0.5820 | mAP50-95=0.3652 | per_class(mAP50/mAP50-95)=[car=0.786/0.479 truck=0.624/0.451 bus=0.610/0.468 motor=0.415/0.192 bike=0.475/0.236]
[2026-09-17T03:54:19.493829+07:00] epoch 43/100 | box_loss=1.41827 | cls_loss=0.91806 | dfl_loss=0.94961 | precision=0.6707 | recall=0.5476 | mAP50=0.5825 | mAP50-95=0.3654 | per_class(mAP50/mAP50-95)=[car=0.786/0.479 truck=0.624/0.450 bus=0.610/0.468 motor=0.417/0.194 bike=0.475/0.235]
[2026-09-17T04:01:27.348497+07:00] epoch 44/100 | box_loss=1.41730 | cls_loss=0.91597 | dfl_loss=0.94920 | precision=0.6738 | recall=0.5468 | mAP50=0.5839 | mAP50-95=0.3656 | per_class(mAP50/mAP50-95)=[car=0.787/0.480 truck=0.625/0.451 bus=0.615/0.472 motor=0.415/0.190 bike=0.477/0.236]
[2026-09-17T04:08:36.443185+07:00] epoch 45/100 | box_loss=1.41387 | cls_loss=0.91529 | dfl_loss=0.94849 | precision=0.6626 | recall=0.5522 | mAP50=0.5844 | mAP50-95=0.3659 | per_class(mAP50/mAP50-95)=[car=0.787/0.480 truck=0.627/0.453 bus=0.615/0.473 motor=0.417/0.188 bike=0.476/0.236]
[2026-09-17T04:15:45.109113+07:00] epoch 46/100 | box_loss=1.41357 | cls_loss=0.91354 | dfl_loss=0.94806 | precision=0.6685 | recall=0.5491 | mAP50=0.5857 | mAP50-95=0.3673 | per_class(mAP50/mAP50-95)=[car=0.787/0.480 truck=0.628/0.454 bus=0.616/0.474 motor=0.424/0.192 bike=0.473/0.236]
[2026-09-17T04:22:49.122932+07:00] epoch 47/100 | box_loss=1.41600 | cls_loss=0.91340 | dfl_loss=0.94870 | precision=0.6638 | recall=0.5493 | mAP50=0.5875 | mAP50-95=0.3667 | per_class(mAP50/mAP50-95)=[car=0.788/0.480 truck=0.628/0.454 bus=0.615/0.476 motor=0.429/0.191 bike=0.477/0.232]
[2026-09-17T04:29:53.584490+07:00] epoch 48/100 | box_loss=1.41080 | cls_loss=0.90960 | dfl_loss=0.94744 | precision=0.6703 | recall=0.5425 | mAP50=0.5888 | mAP50-95=0.3678 | per_class(mAP50/mAP50-95)=[car=0.788/0.480 truck=0.628/0.454 bus=0.616/0.474 motor=0.431/0.197 bike=0.481/0.234]
[2026-09-17T04:36:59.310450+07:00] epoch 49/100 | box_loss=1.41107 | cls_loss=0.90928 | dfl_loss=0.94674 | precision=0.6832 | recall=0.5414 | mAP50=0.5897 | mAP50-95=0.3686 | per_class(mAP50/mAP50-95)=[car=0.788/0.481 truck=0.627/0.455 bus=0.617/0.475 motor=0.435/0.197 bike=0.481/0.235]
[2026-09-17T04:44:06.240159+07:00] epoch 50/100 | box_loss=1.40992 | cls_loss=0.90589 | dfl_loss=0.94655 | precision=0.6807 | recall=0.5519 | mAP50=0.5993 | mAP50-95=0.3703 | per_class(mAP50/mAP50-95)=[car=0.788/0.481 truck=0.629/0.456 bus=0.622/0.477 motor=0.475/0.202 bike=0.481/0.235]
[2026-09-17T04:51:12.895289+07:00] epoch 51/100 | box_loss=1.41052 | cls_loss=0.90649 | dfl_loss=0.94605 | precision=0.7008 | recall=0.5498 | mAP50=0.5993 | mAP50-95=0.3701 | per_class(mAP50/mAP50-95)=[car=0.788/0.481 truck=0.631/0.456 bus=0.624/0.478 motor=0.469/0.200 bike=0.484/0.235]
[2026-09-17T04:58:21.913163+07:00] epoch 52/100 | box_loss=1.40679 | cls_loss=0.90498 | dfl_loss=0.94502 | precision=0.7027 | recall=0.5497 | mAP50=0.6001 | mAP50-95=0.3718 | per_class(mAP50/mAP50-95)=[car=0.789/0.481 truck=0.630/0.456 bus=0.624/0.480 motor=0.468/0.200 bike=0.489/0.242]
[2026-09-17T05:05:24.558461+07:00] epoch 53/100 | box_loss=1.40300 | cls_loss=0.90019 | dfl_loss=0.94524 | precision=0.6945 | recall=0.5527 | mAP50=0.6017 | mAP50-95=0.3727 | per_class(mAP50/mAP50-95)=[car=0.789/0.481 truck=0.632/0.458 bus=0.626/0.482 motor=0.470/0.201 bike=0.492/0.242]
[2026-09-17T05:12:31.419372+07:00] epoch 54/100 | box_loss=1.40471 | cls_loss=0.90189 | dfl_loss=0.94471 | precision=0.6951 | recall=0.5564 | mAP50=0.6041 | mAP50-95=0.3734 | per_class(mAP50/mAP50-95)=[car=0.790/0.482 truck=0.634/0.457 bus=0.626/0.482 motor=0.471/0.202 bike=0.500/0.244]
[2026-09-17T05:19:40.008670+07:00] epoch 55/100 | box_loss=1.40188 | cls_loss=0.89807 | dfl_loss=0.94492 | precision=0.6883 | recall=0.5613 | mAP50=0.6081 | mAP50-95=0.3734 | per_class(mAP50/mAP50-95)=[car=0.791/0.482 truck=0.636/0.459 bus=0.627/0.481 motor=0.478/0.199 bike=0.509/0.246]
[2026-09-17T05:26:46.774011+07:00] epoch 56/100 | box_loss=1.40299 | cls_loss=0.89644 | dfl_loss=0.94342 | precision=0.6922 | recall=0.5611 | mAP50=0.6095 | mAP50-95=0.3749 | per_class(mAP50/mAP50-95)=[car=0.790/0.482 truck=0.637/0.461 bus=0.627/0.481 motor=0.483/0.203 bike=0.511/0.248]
[2026-09-17T05:33:49.244819+07:00] epoch 57/100 | box_loss=1.40192 | cls_loss=0.89621 | dfl_loss=0.94431 | precision=0.7003 | recall=0.5574 | mAP50=0.6103 | mAP50-95=0.3747 | per_class(mAP50/mAP50-95)=[car=0.790/0.482 truck=0.637/0.460 bus=0.627/0.481 motor=0.483/0.201 bike=0.513/0.250]
[2026-09-17T05:40:54.401630+07:00] epoch 58/100 | box_loss=1.40130 | cls_loss=0.89352 | dfl_loss=0.94475 | precision=0.6988 | recall=0.5607 | mAP50=0.6097 | mAP50-95=0.3751 | per_class(mAP50/mAP50-95)=[car=0.790/0.482 truck=0.639/0.462 bus=0.625/0.480 motor=0.480/0.201 bike=0.514/0.250]
[2026-09-17T05:47:56.118445+07:00] epoch 59/100 | box_loss=1.39789 | cls_loss=0.89083 | dfl_loss=0.94194 | precision=0.6941 | recall=0.5623 | mAP50=0.6110 | mAP50-95=0.3751 | per_class(mAP50/mAP50-95)=[car=0.791/0.482 truck=0.641/0.461 bus=0.628/0.480 motor=0.480/0.199 bike=0.515/0.253]
[2026-09-17T05:55:00.216654+07:00] epoch 60/100 | box_loss=1.39424 | cls_loss=0.88965 | dfl_loss=0.94224 | precision=0.6996 | recall=0.5638 | mAP50=0.6120 | mAP50-95=0.3753 | per_class(mAP50/mAP50-95)=[car=0.791/0.482 truck=0.642/0.462 bus=0.629/0.481 motor=0.484/0.199 bike=0.514/0.252]
[2026-09-17T06:02:06.113983+07:00] epoch 61/100 | box_loss=1.39436 | cls_loss=0.88799 | dfl_loss=0.94209 | precision=0.7069 | recall=0.5614 | mAP50=0.6109 | mAP50-95=0.3761 | per_class(mAP50/mAP50-95)=[car=0.791/0.482 truck=0.642/0.462 bus=0.630/0.482 motor=0.484/0.204 bike=0.508/0.251]
[2026-09-17T06:09:14.199054+07:00] epoch 62/100 | box_loss=1.39339 | cls_loss=0.88598 | dfl_loss=0.94182 | precision=0.7047 | recall=0.5625 | mAP50=0.6136 | mAP50-95=0.3779 | per_class(mAP50/mAP50-95)=[car=0.790/0.483 truck=0.644/0.464 bus=0.633/0.483 motor=0.485/0.205 bike=0.516/0.255]
[2026-09-17T06:16:18.323941+07:00] epoch 63/100 | box_loss=1.39254 | cls_loss=0.88529 | dfl_loss=0.94123 | precision=0.7072 | recall=0.5627 | mAP50=0.6138 | mAP50-95=0.3776 | per_class(mAP50/mAP50-95)=[car=0.791/0.483 truck=0.645/0.465 bus=0.635/0.482 motor=0.482/0.204 bike=0.515/0.254]
[2026-09-17T06:23:24.102952+07:00] epoch 64/100 | box_loss=1.38865 | cls_loss=0.88049 | dfl_loss=0.94020 | precision=0.7103 | recall=0.5622 | mAP50=0.6142 | mAP50-95=0.3793 | per_class(mAP50/mAP50-95)=[car=0.791/0.483 truck=0.646/0.467 bus=0.634/0.483 motor=0.485/0.209 bike=0.514/0.255]
[2026-09-17T06:30:27.883980+07:00] epoch 65/100 | box_loss=1.38660 | cls_loss=0.87777 | dfl_loss=0.93983 | precision=0.6973 | recall=0.5666 | mAP50=0.6135 | mAP50-95=0.3784 | per_class(mAP50/mAP50-95)=[car=0.792/0.483 truck=0.645/0.468 bus=0.633/0.481 motor=0.484/0.205 bike=0.514/0.254]
[2026-09-17T06:37:33.319805+07:00] epoch 66/100 | box_loss=1.38714 | cls_loss=0.87760 | dfl_loss=0.93919 | precision=0.7117 | recall=0.5610 | mAP50=0.6146 | mAP50-95=0.3790 | per_class(mAP50/mAP50-95)=[car=0.792/0.484 truck=0.646/0.470 bus=0.634/0.483 motor=0.484/0.207 bike=0.516/0.252]
[2026-09-17T06:44:39.027755+07:00] epoch 67/100 | box_loss=1.38525 | cls_loss=0.87554 | dfl_loss=0.93919 | precision=0.7025 | recall=0.5640 | mAP50=0.6140 | mAP50-95=0.3795 | per_class(mAP50/mAP50-95)=[car=0.792/0.484 truck=0.646/0.469 bus=0.634/0.481 motor=0.483/0.210 bike=0.515/0.254]
[2026-09-17T06:51:42.216141+07:00] epoch 68/100 | box_loss=1.38339 | cls_loss=0.87452 | dfl_loss=0.93862 | precision=0.7065 | recall=0.5573 | mAP50=0.6133 | mAP50-95=0.3807 | per_class(mAP50/mAP50-95)=[car=0.792/0.484 truck=0.648/0.470 bus=0.634/0.481 motor=0.482/0.215 bike=0.511/0.252]
[2026-09-17T06:58:45.290805+07:00] epoch 69/100 | box_loss=1.38409 | cls_loss=0.87202 | dfl_loss=0.93746 | precision=0.6941 | recall=0.5658 | mAP50=0.6136 | mAP50-95=0.3797 | per_class(mAP50/mAP50-95)=[car=0.793/0.484 truck=0.649/0.471 bus=0.635/0.483 motor=0.481/0.216 bike=0.511/0.244]
[2026-09-17T07:05:49.617264+07:00] epoch 70/100 | box_loss=1.38086 | cls_loss=0.86923 | dfl_loss=0.93715 | precision=0.6856 | recall=0.5713 | mAP50=0.6160 | mAP50-95=0.3802 | per_class(mAP50/mAP50-95)=[car=0.793/0.484 truck=0.649/0.471 bus=0.635/0.482 motor=0.483/0.213 bike=0.521/0.250]
[2026-09-17T07:12:51.752525+07:00] epoch 71/100 | box_loss=1.37695 | cls_loss=0.86603 | dfl_loss=0.93691 | precision=0.6965 | recall=0.5681 | mAP50=0.6176 | mAP50-95=0.3814 | per_class(mAP50/mAP50-95)=[car=0.794/0.484 truck=0.650/0.471 bus=0.635/0.482 motor=0.483/0.217 bike=0.526/0.252]
[2026-09-17T07:19:56.356313+07:00] epoch 72/100 | box_loss=1.37407 | cls_loss=0.86415 | dfl_loss=0.93618 | precision=0.7042 | recall=0.5683 | mAP50=0.6178 | mAP50-95=0.3816 | per_class(mAP50/mAP50-95)=[car=0.794/0.485 truck=0.649/0.470 bus=0.633/0.482 motor=0.483/0.215 bike=0.529/0.256]
[2026-09-17T07:27:02.626076+07:00] epoch 73/100 | box_loss=1.37480 | cls_loss=0.86310 | dfl_loss=0.93655 | precision=0.7034 | recall=0.5640 | mAP50=0.6187 | mAP50-95=0.3822 | per_class(mAP50/mAP50-95)=[car=0.794/0.484 truck=0.650/0.470 bus=0.634/0.481 motor=0.485/0.220 bike=0.530/0.255]
[2026-09-17T07:34:06.788150+07:00] epoch 74/100 | box_loss=1.37394 | cls_loss=0.85983 | dfl_loss=0.93524 | precision=0.6920 | recall=0.5675 | mAP50=0.6184 | mAP50-95=0.3833 | per_class(mAP50/mAP50-95)=[car=0.795/0.485 truck=0.649/0.471 bus=0.634/0.481 motor=0.484/0.222 bike=0.530/0.258]
[2026-09-17T07:41:09.382337+07:00] epoch 75/100 | box_loss=1.37188 | cls_loss=0.85718 | dfl_loss=0.93517 | precision=0.6979 | recall=0.5660 | mAP50=0.6191 | mAP50-95=0.3831 | per_class(mAP50/mAP50-95)=[car=0.795/0.485 truck=0.650/0.470 bus=0.634/0.481 motor=0.485/0.223 bike=0.532/0.256]
[2026-09-17T07:48:13.612196+07:00] epoch 76/100 | box_loss=1.37067 | cls_loss=0.85540 | dfl_loss=0.93478 | precision=0.7019 | recall=0.5580 | mAP50=0.6188 | mAP50-95=0.3840 | per_class(mAP50/mAP50-95)=[car=0.795/0.485 truck=0.649/0.471 bus=0.635/0.480 motor=0.484/0.223 bike=0.531/0.260]
[2026-09-17T07:55:20.656850+07:00] epoch 77/100 | box_loss=1.36682 | cls_loss=0.84989 | dfl_loss=0.93286 | precision=0.7033 | recall=0.5561 | mAP50=0.6165 | mAP50-95=0.3843 | per_class(mAP50/mAP50-95)=[car=0.794/0.485 truck=0.648/0.471 bus=0.635/0.480 motor=0.483/0.225 bike=0.523/0.260]
[2026-09-17T08:02:26.775015+07:00] epoch 78/100 | box_loss=1.36678 | cls_loss=0.84913 | dfl_loss=0.93329 | precision=0.7009 | recall=0.5597 | mAP50=0.6179 | mAP50-95=0.3842 | per_class(mAP50/mAP50-95)=[car=0.795/0.485 truck=0.648/0.472 bus=0.632/0.480 motor=0.486/0.227 bike=0.528/0.257]
[2026-09-17T08:09:32.835026+07:00] epoch 79/100 | box_loss=1.36515 | cls_loss=0.84745 | dfl_loss=0.93382 | precision=0.7063 | recall=0.5563 | mAP50=0.6180 | mAP50-95=0.3841 | per_class(mAP50/mAP50-95)=[car=0.796/0.485 truck=0.649/0.471 bus=0.631/0.481 motor=0.486/0.226 bike=0.528/0.258]
[2026-09-17T08:16:39.120763+07:00] epoch 80/100 | box_loss=1.36252 | cls_loss=0.84544 | dfl_loss=0.93243 | precision=0.7084 | recall=0.5606 | mAP50=0.6180 | mAP50-95=0.3849 | per_class(mAP50/mAP50-95)=[car=0.795/0.485 truck=0.648/0.471 bus=0.633/0.482 motor=0.483/0.225 bike=0.531/0.261]
[2026-09-17T08:23:37.603228+07:00] epoch 81/100 | box_loss=1.40647 | cls_loss=0.85170 | dfl_loss=0.95181 | precision=0.7043 | recall=0.5619 | mAP50=0.6180 | mAP50-95=0.3848 | per_class(mAP50/mAP50-95)=[car=0.795/0.485 truck=0.647/0.471 bus=0.631/0.483 motor=0.488/0.227 bike=0.529/0.258]
[2026-09-17T08:30:35.441439+07:00] epoch 82/100 | box_loss=1.40281 | cls_loss=0.84533 | dfl_loss=0.94946 | precision=0.7123 | recall=0.5575 | mAP50=0.6174 | mAP50-95=0.3852 | per_class(mAP50/mAP50-95)=[car=0.795/0.485 truck=0.645/0.471 bus=0.629/0.483 motor=0.489/0.226 bike=0.529/0.261]
[2026-09-17T08:37:32.710933+07:00] epoch 83/100 | box_loss=1.40089 | cls_loss=0.84276 | dfl_loss=0.94973 | precision=0.6977 | recall=0.5694 | mAP50=0.6171 | mAP50-95=0.3841 | per_class(mAP50/mAP50-95)=[car=0.795/0.485 truck=0.644/0.470 bus=0.631/0.484 motor=0.488/0.222 bike=0.528/0.259]
[2026-09-17T08:44:29.587451+07:00] epoch 84/100 | box_loss=1.39842 | cls_loss=0.84119 | dfl_loss=0.94978 | precision=0.6977 | recall=0.5668 | mAP50=0.6166 | mAP50-95=0.3841 | per_class(mAP50/mAP50-95)=[car=0.795/0.486 truck=0.643/0.469 bus=0.631/0.483 motor=0.487/0.222 bike=0.527/0.260]
[2026-09-17T08:51:27.535048+07:00] epoch 85/100 | box_loss=1.39572 | cls_loss=0.83537 | dfl_loss=0.94892 | precision=0.7005 | recall=0.5655 | mAP50=0.6170 | mAP50-95=0.3851 | per_class(mAP50/mAP50-95)=[car=0.795/0.486 truck=0.645/0.469 bus=0.633/0.485 motor=0.485/0.221 bike=0.528/0.265]
[2026-09-17T08:58:24.074982+07:00] epoch 86/100 | box_loss=1.39169 | cls_loss=0.83050 | dfl_loss=0.94704 | precision=0.7021 | recall=0.5667 | mAP50=0.6167 | mAP50-95=0.3848 | per_class(mAP50/mAP50-95)=[car=0.795/0.486 truck=0.646/0.468 bus=0.629/0.484 motor=0.482/0.219 bike=0.532/0.267]
[2026-09-17T09:05:22.788606+07:00] epoch 87/100 | box_loss=1.39013 | cls_loss=0.82718 | dfl_loss=0.94697 | precision=0.7053 | recall=0.5649 | mAP50=0.6162 | mAP50-95=0.3842 | per_class(mAP50/mAP50-95)=[car=0.795/0.485 truck=0.645/0.468 bus=0.628/0.483 motor=0.480/0.217 bike=0.533/0.268]
[2026-09-17T09:12:17.635153+07:00] epoch 88/100 | box_loss=1.38740 | cls_loss=0.82306 | dfl_loss=0.94657 | precision=0.6947 | recall=0.5703 | mAP50=0.6163 | mAP50-95=0.3847 | per_class(mAP50/mAP50-95)=[car=0.794/0.485 truck=0.646/0.468 bus=0.630/0.482 motor=0.479/0.218 bike=0.532/0.270]
[2026-09-17T09:19:12.846200+07:00] epoch 89/100 | box_loss=1.38545 | cls_loss=0.81803 | dfl_loss=0.94575 | precision=0.6883 | recall=0.5723 | mAP50=0.6164 | mAP50-95=0.3853 | per_class(mAP50/mAP50-95)=[car=0.794/0.485 truck=0.646/0.469 bus=0.629/0.482 motor=0.476/0.218 bike=0.537/0.272]
[2026-09-17T09:26:06.263076+07:00] epoch 90/100 | box_loss=1.37996 | cls_loss=0.81318 | dfl_loss=0.94361 | precision=0.6911 | recall=0.5688 | mAP50=0.6148 | mAP50-95=0.3845 | per_class(mAP50/mAP50-95)=[car=0.794/0.485 truck=0.646/0.468 bus=0.630/0.481 motor=0.468/0.217 bike=0.536/0.271]
[2026-09-17T09:33:03.512177+07:00] epoch 91/100 | box_loss=1.37763 | cls_loss=0.80893 | dfl_loss=0.94245 | precision=0.6937 | recall=0.5670 | mAP50=0.6132 | mAP50-95=0.3839 | per_class(mAP50/mAP50-95)=[car=0.794/0.485 truck=0.643/0.468 bus=0.631/0.481 motor=0.462/0.214 bike=0.536/0.272]
[2026-09-17T09:40:00.458802+07:00] epoch 92/100 | box_loss=1.37325 | cls_loss=0.80408 | dfl_loss=0.94189 | precision=0.7028 | recall=0.5522 | mAP50=0.6126 | mAP50-95=0.3834 | per_class(mAP50/mAP50-95)=[car=0.794/0.485 truck=0.643/0.467 bus=0.631/0.481 motor=0.459/0.212 bike=0.537/0.272]
[2026-09-17T09:46:57.655394+07:00] epoch 93/100 | box_loss=1.37018 | cls_loss=0.79969 | dfl_loss=0.94146 | precision=0.7053 | recall=0.5462 | mAP50=0.6116 | mAP50-95=0.3826 | per_class(mAP50/mAP50-95)=[car=0.795/0.485 truck=0.642/0.466 bus=0.633/0.480 motor=0.456/0.211 bike=0.533/0.271]
[2026-09-17T09:53:54.934631+07:00] epoch 94/100 | box_loss=1.36746 | cls_loss=0.79491 | dfl_loss=0.94008 | precision=0.7131 | recall=0.5452 | mAP50=0.6120 | mAP50-95=0.3826 | per_class(mAP50/mAP50-95)=[car=0.795/0.485 truck=0.641/0.465 bus=0.632/0.479 motor=0.454/0.208 bike=0.538/0.275]
[2026-09-17T10:00:52.450636+07:00] epoch 95/100 | box_loss=1.36550 | cls_loss=0.78902 | dfl_loss=0.93872 | precision=0.7122 | recall=0.5491 | mAP50=0.6132 | mAP50-95=0.3825 | per_class(mAP50/mAP50-95)=[car=0.794/0.485 truck=0.642/0.466 bus=0.632/0.479 motor=0.458/0.206 bike=0.540/0.277]
[2026-09-17T10:07:48.538500+07:00] epoch 96/100 | box_loss=1.36168 | cls_loss=0.78433 | dfl_loss=0.93797 | precision=0.7091 | recall=0.5545 | mAP50=0.6119 | mAP50-95=0.3814 | per_class(mAP50/mAP50-95)=[car=0.795/0.485 truck=0.642/0.466 bus=0.632/0.479 motor=0.456/0.202 bike=0.534/0.275]
[2026-09-17T10:14:45.303194+07:00] epoch 97/100 | box_loss=1.35716 | cls_loss=0.77865 | dfl_loss=0.93606 | precision=0.7114 | recall=0.5541 | mAP50=0.6115 | mAP50-95=0.3815 | per_class(mAP50/mAP50-95)=[car=0.794/0.485 truck=0.641/0.465 bus=0.633/0.478 motor=0.452/0.201 bike=0.536/0.279]
[2026-09-17T10:21:39.856217+07:00] epoch 98/100 | box_loss=1.35434 | cls_loss=0.77414 | dfl_loss=0.93516 | precision=0.7180 | recall=0.5459 | mAP50=0.6110 | mAP50-95=0.3807 | per_class(mAP50/mAP50-95)=[car=0.794/0.485 truck=0.641/0.464 bus=0.633/0.478 motor=0.451/0.201 bike=0.536/0.276]
[2026-09-17T10:28:35.152169+07:00] epoch 99/100 | box_loss=1.35236 | cls_loss=0.76967 | dfl_loss=0.93609 | precision=0.7322 | recall=0.5442 | mAP50=0.6094 | mAP50-95=0.3802 | per_class(mAP50/mAP50-95)=[car=0.794/0.485 truck=0.639/0.464 bus=0.631/0.478 motor=0.447/0.199 bike=0.535/0.275]
[2026-09-17T10:35:32.167301+07:00] epoch 100/100 | box_loss=1.34947 | cls_loss=0.76582 | dfl_loss=0.93414 | precision=0.7270 | recall=0.5426 | mAP50=0.6084 | mAP50-95=0.3799 | per_class(mAP50/mAP50-95)=[car=0.794/0.485 truck=0.639/0.464 bus=0.631/0.476 motor=0.446/0.199 bike=0.532/0.275]
[2026-09-17T10:35:40.663108+07:00] final validation (best.pt) | precision=0.6869 | recall=0.5728 | mAP50=0.6166 | mAP50-95=0.3853 | per_class(mAP50/mAP50-95)=[car=0.794/0.485 truck=0.646/0.468 bus=0.630/0.483 motor=0.476/0.218 bike=0.537/0.272]
[2026-09-17T10:35:41.993358+07:00] eval val_day: mAP50=0.5711 mAP50-95=0.3650
[2026-09-17T10:35:41.993358+07:00] eval val_night: mAP50=0.5797 mAP50-95=0.3492
[2026-09-17T10:35:41.993358+07:00] eval val_dawndusk: mAP50=0.5916 mAP50-95=0.3820
[2026-09-17T10:35:41.993358+07:00] eval val_clear: mAP50=0.5750 mAP50-95=0.3585
[2026-09-17T10:35:41.993358+07:00] eval val_overcast: mAP50=0.5891 mAP50-95=0.3645
[2026-09-17T10:35:41.993358+07:00] eval val_snowy: mAP50=0.5262 mAP50-95=0.3400
[2026-09-17T10:35:41.993358+07:00] eval val_partlycloudy: mAP50=0.5733 mAP50-95=0.3806
[2026-09-17T10:35:41.993358+07:00] eval val_rainy: mAP50=0.5866 mAP50-95=0.3820
[2026-09-17T10:35:41.993358+07:00] eval val_foggy: mAP50=0.6613 mAP50-95=0.2798
[2026-09-17T10:35:41.993358+07:00] eval val_day (pycocotools): mAP50=0.5407 mAP50-95=0.3423
[2026-09-17T10:35:41.993358+07:00] eval val_night (pycocotools): mAP50=0.5519 mAP50-95=0.3274
[2026-09-17T10:35:41.993358+07:00] eval val_dawndusk (pycocotools): mAP50=0.5582 mAP50-95=0.3605
[2026-09-17T10:35:41.993358+07:00] eval val_clear (pycocotools): mAP50=0.5450 mAP50-95=0.3360
[2026-09-17T10:35:41.993358+07:00] eval val_overcast (pycocotools): mAP50=0.5610 mAP50-95=0.3449
[2026-09-17T10:35:41.993358+07:00] eval val_snowy (pycocotools): mAP50=0.4803 mAP50-95=0.3128
[2026-09-17T10:35:41.993358+07:00] eval val_partlycloudy (pycocotools): mAP50=0.5491 mAP50-95=0.3601
[2026-09-17T10:35:41.993358+07:00] eval val_rainy (pycocotools): mAP50=0.5599 mAP50-95=0.3593
[2026-09-17T10:35:41.993358+07:00] eval val_foggy (pycocotools): mAP50=0.6516 mAP50-95=0.2738
