[2026-08-22T22:53:49.067147+07:00] starting arm 'method2_irfs_sampling' (100 epochs)
[2026-08-22T23:13:15.351308+07:00] epoch 1/100 | box_loss=1.57718 | cls_loss=1.18500 | dfl_loss=1.00088 | precision=0.5989 | recall=0.4138 | mAP50=0.4481 | mAP50-95=0.2776 | per_class(mAP50/mAP50-95)=[car=0.712/0.414 truck=0.459/0.314 bus=0.460/0.335 motor=0.281/0.147 bike=0.329/0.177]
[2026-08-22T23:30:54.066337+07:00] epoch 2/100 | box_loss=1.60258 | cls_loss=1.17507 | dfl_loss=1.00700 | precision=0.6001 | recall=0.4454 | mAP50=0.4750 | mAP50-95=0.2880 | per_class(mAP50/mAP50-95)=[car=0.721/0.425 truck=0.472/0.321 bus=0.469/0.355 motor=0.338/0.165 bike=0.375/0.175]
[2026-08-22T23:48:04.631081+07:00] epoch 3/100 | box_loss=1.62505 | cls_loss=1.19560 | dfl_loss=1.01635 | precision=0.5942 | recall=0.4178 | mAP50=0.4584 | mAP50-95=0.2762 | per_class(mAP50/mAP50-95)=[car=0.729/0.428 truck=0.471/0.317 bus=0.465/0.336 motor=0.312/0.145 bike=0.315/0.155]
[2026-08-23T00:05:06.005849+07:00] epoch 4/100 | box_loss=1.60189 | cls_loss=1.15888 | dfl_loss=1.01172 | precision=0.5929 | recall=0.4762 | mAP50=0.5027 | mAP50-95=0.3063 | per_class(mAP50/mAP50-95)=[car=0.744/0.444 truck=0.519/0.347 bus=0.514/0.386 motor=0.311/0.144 bike=0.426/0.211]
[2026-08-23T00:22:11.419553+07:00] epoch 5/100 | box_loss=1.55741 | cls_loss=1.10071 | dfl_loss=0.99546 | precision=0.6705 | recall=0.4903 | mAP50=0.5347 | mAP50-95=0.3242 | per_class(mAP50/mAP50-95)=[car=0.756/0.451 truck=0.542/0.378 bus=0.527/0.390 motor=0.404/0.180 bike=0.445/0.222]
[2026-08-23T00:39:09.626806+07:00] epoch 6/100 | box_loss=1.53085 | cls_loss=1.06661 | dfl_loss=0.98689 | precision=0.6625 | recall=0.5022 | mAP50=0.5512 | mAP50-95=0.3383 | per_class(mAP50/mAP50-95)=[car=0.762/0.456 truck=0.573/0.395 bus=0.549/0.409 motor=0.428/0.201 bike=0.443/0.231]
[2026-08-23T00:56:11.412502+07:00] epoch 7/100 | box_loss=1.51512 | cls_loss=1.04648 | dfl_loss=0.98230 | precision=0.6551 | recall=0.5084 | mAP50=0.5548 | mAP50-95=0.3419 | per_class(mAP50/mAP50-95)=[car=0.765/0.462 truck=0.579/0.400 bus=0.566/0.426 motor=0.401/0.183 bike=0.464/0.239]
[2026-08-23T01:14:11.498554+07:00] epoch 8/100 | box_loss=1.50273 | cls_loss=1.03033 | dfl_loss=0.97843 | precision=0.6755 | recall=0.4955 | mAP50=0.5625 | mAP50-95=0.3469 | per_class(mAP50/mAP50-95)=[car=0.771/0.466 truck=0.583/0.408 bus=0.572/0.432 motor=0.405/0.182 bike=0.481/0.246]
[2026-08-23T01:32:13.013354+07:00] epoch 9/100 | box_loss=1.49510 | cls_loss=1.01792 | dfl_loss=0.97450 | precision=0.6806 | recall=0.5251 | mAP50=0.5810 | mAP50-95=0.3548 | per_class(mAP50/mAP50-95)=[car=0.775/0.467 truck=0.599/0.417 bus=0.582/0.439 motor=0.454/0.201 bike=0.495/0.250]
[2026-08-23T01:49:28.583886+07:00] epoch 10/100 | box_loss=1.48906 | cls_loss=1.01148 | dfl_loss=0.97269 | precision=0.7014 | recall=0.5201 | mAP50=0.5857 | mAP50-95=0.3561 | per_class(mAP50/mAP50-95)=[car=0.776/0.469 truck=0.597/0.419 bus=0.588/0.437 motor=0.467/0.211 bike=0.501/0.245]
[2026-08-23T02:06:22.256318+07:00] epoch 11/100 | box_loss=1.47958 | cls_loss=0.99991 | dfl_loss=0.96998 | precision=0.6665 | recall=0.5240 | mAP50=0.5854 | mAP50-95=0.3575 | per_class(mAP50/mAP50-95)=[car=0.779/0.471 truck=0.602/0.422 bus=0.588/0.442 motor=0.464/0.201 bike=0.494/0.252]
[2026-08-23T02:22:13.325373+07:00] epoch 12/100 | box_loss=1.47479 | cls_loss=0.99550 | dfl_loss=0.96862 | precision=0.6346 | recall=0.5447 | mAP50=0.5888 | mAP50-95=0.3593 | per_class(mAP50/mAP50-95)=[car=0.779/0.472 truck=0.606/0.423 bus=0.596/0.450 motor=0.475/0.204 bike=0.489/0.248]
[2026-08-23T02:41:30.340200+07:00] epoch 13/100 | box_loss=1.47450 | cls_loss=0.99118 | dfl_loss=0.96778 | precision=0.6725 | recall=0.5321 | mAP50=0.5945 | mAP50-95=0.3614 | per_class(mAP50/mAP50-95)=[car=0.781/0.472 truck=0.607/0.424 bus=0.597/0.453 motor=0.484/0.205 bike=0.503/0.253]
[2026-08-23T03:04:18.641490+07:00] epoch 14/100 | box_loss=1.46953 | cls_loss=0.98640 | dfl_loss=0.96708 | precision=0.6180 | recall=0.5615 | mAP50=0.5924 | mAP50-95=0.3625 | per_class(mAP50/mAP50-95)=[car=0.782/0.473 truck=0.607/0.428 bus=0.597/0.452 motor=0.463/0.204 bike=0.513/0.255]
[2026-08-23T03:27:07.273147+07:00] epoch 15/100 | box_loss=1.46456 | cls_loss=0.98070 | dfl_loss=0.96564 | precision=0.6498 | recall=0.5492 | mAP50=0.5938 | mAP50-95=0.3637 | per_class(mAP50/mAP50-95)=[car=0.782/0.474 truck=0.605/0.427 bus=0.600/0.454 motor=0.461/0.206 bike=0.520/0.257]
[2026-08-23T03:50:15.704844+07:00] epoch 16/100 | box_loss=1.46288 | cls_loss=0.97756 | dfl_loss=0.96459 | precision=0.6765 | recall=0.5354 | mAP50=0.5946 | mAP50-95=0.3646 | per_class(mAP50/mAP50-95)=[car=0.782/0.475 truck=0.609/0.430 bus=0.604/0.457 motor=0.453/0.205 bike=0.525/0.256]
[2026-08-23T04:08:22.104248+07:00] epoch 17/100 | box_loss=1.46022 | cls_loss=0.97250 | dfl_loss=0.96450 | precision=0.6845 | recall=0.5412 | mAP50=0.5965 | mAP50-95=0.3654 | per_class(mAP50/mAP50-95)=[car=0.782/0.475 truck=0.610/0.431 bus=0.607/0.461 motor=0.458/0.205 bike=0.525/0.256]
[2026-08-23T04:25:19.881512+07:00] epoch 18/100 | box_loss=1.45723 | cls_loss=0.97059 | dfl_loss=0.96250 | precision=0.6844 | recall=0.5460 | mAP50=0.5993 | mAP50-95=0.3672 | per_class(mAP50/mAP50-95)=[car=0.782/0.475 truck=0.612/0.432 bus=0.610/0.462 motor=0.463/0.206 bike=0.530/0.260]
[2026-08-23T04:42:58.925600+07:00] epoch 19/100 | box_loss=1.45430 | cls_loss=0.96721 | dfl_loss=0.96075 | precision=0.6828 | recall=0.5501 | mAP50=0.6008 | mAP50-95=0.3680 | per_class(mAP50/mAP50-95)=[car=0.783/0.476 truck=0.614/0.436 bus=0.611/0.463 motor=0.463/0.207 bike=0.533/0.260]
[2026-08-23T05:00:41.737677+07:00] epoch 20/100 | box_loss=1.45152 | cls_loss=0.96408 | dfl_loss=0.96177 | precision=0.6859 | recall=0.5447 | mAP50=0.6023 | mAP50-95=0.3679 | per_class(mAP50/mAP50-95)=[car=0.784/0.477 truck=0.616/0.437 bus=0.610/0.462 motor=0.466/0.206 bike=0.535/0.259]
[2026-08-23T05:25:13.941859+07:00] epoch 21/100 | box_loss=1.44991 | cls_loss=0.95925 | dfl_loss=0.95991 | precision=0.6893 | recall=0.5438 | mAP50=0.6024 | mAP50-95=0.3685 | per_class(mAP50/mAP50-95)=[car=0.784/0.476 truck=0.616/0.437 bus=0.611/0.462 motor=0.463/0.207 bike=0.538/0.260]
[2026-08-23T05:44:51.412150+07:00] epoch 22/100 | box_loss=1.44770 | cls_loss=0.95675 | dfl_loss=0.95838 | precision=0.6855 | recall=0.5463 | mAP50=0.6026 | mAP50-95=0.3703 | per_class(mAP50/mAP50-95)=[car=0.784/0.477 truck=0.615/0.438 bus=0.612/0.464 motor=0.464/0.212 bike=0.539/0.260]
[2026-08-23T06:08:07.011991+07:00] epoch 23/100 | box_loss=1.44366 | cls_loss=0.95454 | dfl_loss=0.95916 | precision=0.6865 | recall=0.5443 | mAP50=0.6054 | mAP50-95=0.3718 | per_class(mAP50/mAP50-95)=[car=0.785/0.477 truck=0.616/0.439 bus=0.615/0.463 motor=0.471/0.218 bike=0.541/0.261]
[2026-08-23T06:31:07.184752+07:00] epoch 24/100 | box_loss=1.44150 | cls_loss=0.95158 | dfl_loss=0.95776 | precision=0.6863 | recall=0.5460 | mAP50=0.6079 | mAP50-95=0.3724 | per_class(mAP50/mAP50-95)=[car=0.786/0.478 truck=0.618/0.441 bus=0.616/0.463 motor=0.475/0.215 bike=0.544/0.266]
[2026-08-23T06:54:26.214811+07:00] epoch 25/100 | box_loss=1.43785 | cls_loss=0.94839 | dfl_loss=0.95724 | precision=0.6918 | recall=0.5467 | mAP50=0.6092 | mAP50-95=0.3748 | per_class(mAP50/mAP50-95)=[car=0.785/0.478 truck=0.621/0.443 bus=0.616/0.465 motor=0.475/0.219 bike=0.548/0.269]
[2026-08-23T07:17:36.614539+07:00] epoch 26/100 | box_loss=1.44093 | cls_loss=0.94823 | dfl_loss=0.95784 | precision=0.6893 | recall=0.5516 | mAP50=0.6095 | mAP50-95=0.3741 | per_class(mAP50/mAP50-95)=[car=0.785/0.478 truck=0.620/0.441 bus=0.616/0.466 motor=0.480/0.219 bike=0.547/0.268]
[2026-08-23T07:40:57.841396+07:00] epoch 27/100 | box_loss=1.43747 | cls_loss=0.94645 | dfl_loss=0.95588 | precision=0.6994 | recall=0.5474 | mAP50=0.6091 | mAP50-95=0.3752 | per_class(mAP50/mAP50-95)=[car=0.786/0.478 truck=0.621/0.442 bus=0.617/0.466 motor=0.475/0.222 bike=0.547/0.267]
[2026-08-23T08:04:10.459721+07:00] epoch 28/100 | box_loss=1.43533 | cls_loss=0.94315 | dfl_loss=0.95530 | precision=0.6719 | recall=0.5634 | mAP50=0.6098 | mAP50-95=0.3750 | per_class(mAP50/mAP50-95)=[car=0.786/0.479 truck=0.621/0.443 bus=0.618/0.467 motor=0.476/0.219 bike=0.547/0.267]
[2026-08-23T08:27:34.895563+07:00] epoch 29/100 | box_loss=1.43450 | cls_loss=0.94145 | dfl_loss=0.95586 | precision=0.7167 | recall=0.5451 | mAP50=0.6118 | mAP50-95=0.3758 | per_class(mAP50/mAP50-95)=[car=0.786/0.479 truck=0.623/0.444 bus=0.619/0.466 motor=0.479/0.221 bike=0.552/0.269]
[2026-08-23T08:49:53.722416+07:00] epoch 30/100 | box_loss=1.43322 | cls_loss=0.93935 | dfl_loss=0.95456 | precision=0.7254 | recall=0.5403 | mAP50=0.6136 | mAP50-95=0.3769 | per_class(mAP50/mAP50-95)=[car=0.787/0.480 truck=0.625/0.445 bus=0.620/0.467 motor=0.481/0.222 bike=0.555/0.271]
[2026-08-23T09:13:51.887168+07:00] epoch 31/100 | box_loss=1.43282 | cls_loss=0.93998 | dfl_loss=0.95465 | precision=0.7173 | recall=0.5425 | mAP50=0.6141 | mAP50-95=0.3776 | per_class(mAP50/mAP50-95)=[car=0.787/0.480 truck=0.625/0.445 bus=0.620/0.466 motor=0.484/0.226 bike=0.554/0.271]
[2026-08-23T09:37:25.983189+07:00] epoch 32/100 | box_loss=1.42928 | cls_loss=0.93453 | dfl_loss=0.95380 | precision=0.7221 | recall=0.5442 | mAP50=0.6136 | mAP50-95=0.3752 | per_class(mAP50/mAP50-95)=[car=0.787/0.480 truck=0.625/0.444 bus=0.620/0.468 motor=0.479/0.213 bike=0.556/0.270]
[2026-08-23T10:01:02.844062+07:00] epoch 33/100 | box_loss=1.42789 | cls_loss=0.93358 | dfl_loss=0.95295 | precision=0.7187 | recall=0.5482 | mAP50=0.6143 | mAP50-95=0.3764 | per_class(mAP50/mAP50-95)=[car=0.788/0.480 truck=0.625/0.445 bus=0.622/0.467 motor=0.481/0.218 bike=0.554/0.271]
[2026-08-23T10:24:16.338010+07:00] epoch 34/100 | box_loss=1.42647 | cls_loss=0.93286 | dfl_loss=0.95302 | precision=0.7236 | recall=0.5474 | mAP50=0.6156 | mAP50-95=0.3777 | per_class(mAP50/mAP50-95)=[car=0.789/0.480 truck=0.626/0.447 bus=0.622/0.467 motor=0.493/0.222 bike=0.549/0.272]
[2026-08-23T10:48:07.420965+07:00] epoch 35/100 | box_loss=1.42605 | cls_loss=0.93223 | dfl_loss=0.95234 | precision=0.7202 | recall=0.5569 | mAP50=0.6158 | mAP50-95=0.3789 | per_class(mAP50/mAP50-95)=[car=0.789/0.481 truck=0.628/0.447 bus=0.622/0.470 motor=0.485/0.222 bike=0.554/0.274]
[2026-08-23T11:11:16.816688+07:00] epoch 36/100 | box_loss=1.42488 | cls_loss=0.92875 | dfl_loss=0.95170 | precision=0.7175 | recall=0.5581 | mAP50=0.6171 | mAP50-95=0.3786 | per_class(mAP50/mAP50-95)=[car=0.790/0.481 truck=0.626/0.447 bus=0.622/0.473 motor=0.491/0.217 bike=0.556/0.274]
[2026-08-23T11:34:47.332123+07:00] epoch 37/100 | box_loss=1.42449 | cls_loss=0.92915 | dfl_loss=0.95268 | precision=0.7262 | recall=0.5555 | mAP50=0.6183 | mAP50-95=0.3800 | per_class(mAP50/mAP50-95)=[car=0.790/0.481 truck=0.626/0.448 bus=0.622/0.473 motor=0.497/0.222 bike=0.557/0.276]
[2026-08-23T11:58:06.108133+07:00] epoch 38/100 | box_loss=1.42284 | cls_loss=0.92592 | dfl_loss=0.95126 | precision=0.7288 | recall=0.5549 | mAP50=0.6184 | mAP50-95=0.3803 | per_class(mAP50/mAP50-95)=[car=0.790/0.482 truck=0.627/0.450 bus=0.623/0.473 motor=0.500/0.222 bike=0.552/0.275]
[2026-08-23T12:21:49.433035+07:00] epoch 39/100 | box_loss=1.41992 | cls_loss=0.92167 | dfl_loss=0.95119 | precision=0.7346 | recall=0.5548 | mAP50=0.6189 | mAP50-95=0.3797 | per_class(mAP50/mAP50-95)=[car=0.790/0.482 truck=0.629/0.449 bus=0.623/0.472 motor=0.500/0.223 bike=0.552/0.273]
[2026-08-23T12:45:15.417960+07:00] epoch 40/100 | box_loss=1.41997 | cls_loss=0.92192 | dfl_loss=0.95126 | precision=0.7357 | recall=0.5568 | mAP50=0.6199 | mAP50-95=0.3808 | per_class(mAP50/mAP50-95)=[car=0.791/0.482 truck=0.630/0.450 bus=0.624/0.472 motor=0.503/0.225 bike=0.553/0.274]
[2026-08-23T13:08:42.791579+07:00] epoch 41/100 | box_loss=1.41889 | cls_loss=0.92079 | dfl_loss=0.94950 | precision=0.7303 | recall=0.5494 | mAP50=0.6197 | mAP50-95=0.3797 | per_class(mAP50/mAP50-95)=[car=0.791/0.483 truck=0.628/0.451 bus=0.625/0.470 motor=0.503/0.223 bike=0.551/0.273]
[2026-08-23T13:31:54.124976+07:00] epoch 42/100 | box_loss=1.41840 | cls_loss=0.92025 | dfl_loss=0.95043 | precision=0.7387 | recall=0.5485 | mAP50=0.6210 | mAP50-95=0.3803 | per_class(mAP50/mAP50-95)=[car=0.791/0.483 truck=0.631/0.453 bus=0.624/0.469 motor=0.504/0.226 bike=0.555/0.271]
[2026-08-23T13:55:21.457900+07:00] epoch 43/100 | box_loss=1.41709 | cls_loss=0.91686 | dfl_loss=0.94973 | precision=0.7365 | recall=0.5517 | mAP50=0.6211 | mAP50-95=0.3814 | per_class(mAP50/mAP50-95)=[car=0.791/0.483 truck=0.629/0.455 bus=0.626/0.470 motor=0.503/0.224 bike=0.556/0.275]
[2026-08-23T14:18:35.873309+07:00] epoch 44/100 | box_loss=1.41482 | cls_loss=0.91584 | dfl_loss=0.94902 | precision=0.7450 | recall=0.5498 | mAP50=0.6217 | mAP50-95=0.3815 | per_class(mAP50/mAP50-95)=[car=0.792/0.483 truck=0.631/0.455 bus=0.625/0.471 motor=0.500/0.223 bike=0.561/0.276]
[2026-08-23T14:42:27.232381+07:00] epoch 45/100 | box_loss=1.41246 | cls_loss=0.91317 | dfl_loss=0.94745 | precision=0.7344 | recall=0.5595 | mAP50=0.6223 | mAP50-95=0.3839 | per_class(mAP50/mAP50-95)=[car=0.793/0.483 truck=0.630/0.455 bus=0.628/0.475 motor=0.496/0.226 bike=0.565/0.280]
[2026-08-23T15:05:42.357426+07:00] epoch 46/100 | box_loss=1.40932 | cls_loss=0.91104 | dfl_loss=0.94810 | precision=0.7173 | recall=0.5672 | mAP50=0.6234 | mAP50-95=0.3840 | per_class(mAP50/mAP50-95)=[car=0.794/0.484 truck=0.631/0.457 bus=0.628/0.475 motor=0.496/0.226 bike=0.567/0.279]
[2026-08-23T15:29:06.273671+07:00] epoch 47/100 | box_loss=1.40998 | cls_loss=0.90992 | dfl_loss=0.94696 | precision=0.7206 | recall=0.5636 | mAP50=0.6219 | mAP50-95=0.3835 | per_class(mAP50/mAP50-95)=[car=0.794/0.483 truck=0.628/0.457 bus=0.629/0.477 motor=0.497/0.224 bike=0.562/0.276]
[2026-08-23T15:52:25.500106+07:00] epoch 48/100 | box_loss=1.40821 | cls_loss=0.90650 | dfl_loss=0.94746 | precision=0.7274 | recall=0.5589 | mAP50=0.6220 | mAP50-95=0.3849 | per_class(mAP50/mAP50-95)=[car=0.794/0.483 truck=0.628/0.457 bus=0.633/0.475 motor=0.495/0.227 bike=0.560/0.282]
[2026-08-23T16:15:53.918794+07:00] epoch 49/100 | box_loss=1.40806 | cls_loss=0.90579 | dfl_loss=0.94670 | precision=0.7386 | recall=0.5511 | mAP50=0.6236 | mAP50-95=0.3861 | per_class(mAP50/mAP50-95)=[car=0.795/0.484 truck=0.630/0.458 bus=0.632/0.477 motor=0.497/0.225 bike=0.564/0.287]
[2026-08-23T16:39:30.455105+07:00] epoch 50/100 | box_loss=1.40393 | cls_loss=0.90345 | dfl_loss=0.94606 | precision=0.7408 | recall=0.5495 | mAP50=0.6236 | mAP50-95=0.3861 | per_class(mAP50/mAP50-95)=[car=0.795/0.484 truck=0.628/0.459 bus=0.635/0.476 motor=0.494/0.225 bike=0.566/0.287]
[2026-08-23T17:02:52.484780+07:00] epoch 51/100 | box_loss=1.40455 | cls_loss=0.90285 | dfl_loss=0.94448 | precision=0.7134 | recall=0.5707 | mAP50=0.6240 | mAP50-95=0.3868 | per_class(mAP50/mAP50-95)=[car=0.794/0.484 truck=0.629/0.459 bus=0.636/0.478 motor=0.491/0.224 bike=0.569/0.289]
[2026-08-23T17:26:23.568627+07:00] epoch 52/100 | box_loss=1.40282 | cls_loss=0.89985 | dfl_loss=0.94539 | precision=0.7192 | recall=0.5678 | mAP50=0.6215 | mAP50-95=0.3850 | per_class(mAP50/mAP50-95)=[car=0.795/0.485 truck=0.630/0.460 bus=0.631/0.475 motor=0.485/0.220 bike=0.565/0.286]
[2026-08-23T17:49:32.070918+07:00] epoch 53/100 | box_loss=1.40061 | cls_loss=0.89738 | dfl_loss=0.94464 | precision=0.7229 | recall=0.5677 | mAP50=0.6228 | mAP50-95=0.3850 | per_class(mAP50/mAP50-95)=[car=0.796/0.484 truck=0.632/0.461 bus=0.631/0.475 motor=0.484/0.221 bike=0.571/0.283]
[2026-08-23T18:12:16.905308+07:00] epoch 54/100 | box_loss=1.39949 | cls_loss=0.89680 | dfl_loss=0.94473 | precision=0.7118 | recall=0.5692 | mAP50=0.6237 | mAP50-95=0.3852 | per_class(mAP50/mAP50-95)=[car=0.795/0.485 truck=0.632/0.460 bus=0.630/0.475 motor=0.489/0.223 bike=0.572/0.283]
[2026-08-23T18:35:35.963056+07:00] epoch 55/100 | box_loss=1.39498 | cls_loss=0.89204 | dfl_loss=0.94315 | precision=0.7048 | recall=0.5709 | mAP50=0.6235 | mAP50-95=0.3856 | per_class(mAP50/mAP50-95)=[car=0.796/0.485 truck=0.631/0.460 bus=0.630/0.474 motor=0.488/0.224 bike=0.573/0.285]
[2026-08-23T18:59:11.613138+07:00] epoch 56/100 | box_loss=1.39755 | cls_loss=0.89138 | dfl_loss=0.94403 | precision=0.7066 | recall=0.5692 | mAP50=0.6237 | mAP50-95=0.3863 | per_class(mAP50/mAP50-95)=[car=0.796/0.485 truck=0.631/0.460 bus=0.633/0.476 motor=0.484/0.224 bike=0.574/0.287]
[2026-08-23T19:22:43.973724+07:00] epoch 57/100 | box_loss=1.39324 | cls_loss=0.89060 | dfl_loss=0.94340 | precision=0.7209 | recall=0.5552 | mAP50=0.6227 | mAP50-95=0.3866 | per_class(mAP50/mAP50-95)=[car=0.796/0.485 truck=0.632/0.461 bus=0.634/0.477 motor=0.478/0.222 bike=0.573/0.288]
[2026-08-23T19:46:34.285203+07:00] epoch 58/100 | box_loss=1.39411 | cls_loss=0.89030 | dfl_loss=0.94303 | precision=0.7225 | recall=0.5592 | mAP50=0.6229 | mAP50-95=0.3881 | per_class(mAP50/mAP50-95)=[car=0.796/0.485 truck=0.635/0.460 bus=0.635/0.478 motor=0.477/0.223 bike=0.572/0.294]
[2026-08-23T20:09:45.123139+07:00] epoch 59/100 | box_loss=1.39312 | cls_loss=0.88889 | dfl_loss=0.94249 | precision=0.7199 | recall=0.5552 | mAP50=0.6214 | mAP50-95=0.3871 | per_class(mAP50/mAP50-95)=[car=0.796/0.486 truck=0.635/0.461 bus=0.634/0.477 motor=0.473/0.219 bike=0.570/0.292]
[2026-08-23T20:33:32.084496+07:00] epoch 60/100 | box_loss=1.39026 | cls_loss=0.88412 | dfl_loss=0.94170 | precision=0.7203 | recall=0.5580 | mAP50=0.6212 | mAP50-95=0.3885 | per_class(mAP50/mAP50-95)=[car=0.795/0.486 truck=0.635/0.463 bus=0.635/0.478 motor=0.473/0.222 bike=0.568/0.294]
[2026-08-23T20:56:57.555947+07:00] epoch 61/100 | box_loss=1.38937 | cls_loss=0.88170 | dfl_loss=0.93999 | precision=0.7127 | recall=0.5662 | mAP50=0.6207 | mAP50-95=0.3876 | per_class(mAP50/mAP50-95)=[car=0.796/0.486 truck=0.636/0.463 bus=0.636/0.477 motor=0.472/0.222 bike=0.564/0.290]
[2026-08-23T21:20:27.506985+07:00] epoch 62/100 | box_loss=1.38620 | cls_loss=0.88052 | dfl_loss=0.93957 | precision=0.7061 | recall=0.5684 | mAP50=0.6203 | mAP50-95=0.3862 | per_class(mAP50/mAP50-95)=[car=0.795/0.486 truck=0.637/0.462 bus=0.636/0.478 motor=0.471/0.219 bike=0.562/0.286]
[2026-08-23T21:43:43.533705+07:00] epoch 63/100 | box_loss=1.38766 | cls_loss=0.87840 | dfl_loss=0.94044 | precision=0.7039 | recall=0.5705 | mAP50=0.6212 | mAP50-95=0.3870 | per_class(mAP50/mAP50-95)=[car=0.796/0.486 truck=0.637/0.461 bus=0.637/0.477 motor=0.471/0.222 bike=0.565/0.288]
[2026-08-23T22:07:16.527203+07:00] epoch 64/100 | box_loss=1.38482 | cls_loss=0.87632 | dfl_loss=0.93994 | precision=0.7053 | recall=0.5700 | mAP50=0.6214 | mAP50-95=0.3862 | per_class(mAP50/mAP50-95)=[car=0.796/0.486 truck=0.638/0.463 bus=0.637/0.476 motor=0.472/0.216 bike=0.564/0.289]
[2026-08-23T22:30:23.306441+07:00] epoch 65/100 | box_loss=1.38147 | cls_loss=0.87149 | dfl_loss=0.93889 | precision=0.7139 | recall=0.5601 | mAP50=0.6213 | mAP50-95=0.3851 | per_class(mAP50/mAP50-95)=[car=0.797/0.486 truck=0.638/0.464 bus=0.636/0.478 motor=0.470/0.210 bike=0.565/0.287]
[2026-08-23T22:54:11.191122+07:00] epoch 66/100 | box_loss=1.37956 | cls_loss=0.87094 | dfl_loss=0.93788 | precision=0.7284 | recall=0.5470 | mAP50=0.6204 | mAP50-95=0.3850 | per_class(mAP50/mAP50-95)=[car=0.797/0.486 truck=0.638/0.464 bus=0.633/0.478 motor=0.471/0.213 bike=0.562/0.284]
[2026-08-23T23:17:16.118656+07:00] epoch 67/100 | box_loss=1.37798 | cls_loss=0.86891 | dfl_loss=0.93766 | precision=0.7294 | recall=0.5482 | mAP50=0.6221 | mAP50-95=0.3863 | per_class(mAP50/mAP50-95)=[car=0.798/0.486 truck=0.640/0.465 bus=0.634/0.479 motor=0.473/0.218 bike=0.566/0.283]
[2026-08-23T23:40:57.278371+07:00] epoch 68/100 | box_loss=1.37833 | cls_loss=0.86458 | dfl_loss=0.93697 | precision=0.7286 | recall=0.5463 | mAP50=0.6237 | mAP50-95=0.3866 | per_class(mAP50/mAP50-95)=[car=0.797/0.487 truck=0.640/0.464 bus=0.635/0.477 motor=0.486/0.226 bike=0.559/0.280]
[2026-08-24T00:04:35.868116+07:00] epoch 69/100 | box_loss=1.37479 | cls_loss=0.86268 | dfl_loss=0.93683 | precision=0.7136 | recall=0.5576 | mAP50=0.6237 | mAP50-95=0.3874 | per_class(mAP50/mAP50-95)=[car=0.798/0.487 truck=0.639/0.463 bus=0.636/0.479 motor=0.487/0.228 bike=0.558/0.280]
[2026-08-24T00:28:12.089692+07:00] epoch 70/100 | box_loss=1.37356 | cls_loss=0.86111 | dfl_loss=0.93641 | precision=0.7129 | recall=0.5568 | mAP50=0.6242 | mAP50-95=0.3882 | per_class(mAP50/mAP50-95)=[car=0.798/0.487 truck=0.639/0.464 bus=0.637/0.480 motor=0.486/0.224 bike=0.561/0.286]
[2026-08-24T00:51:37.826263+07:00] epoch 71/100 | box_loss=1.37252 | cls_loss=0.85879 | dfl_loss=0.93456 | precision=0.7139 | recall=0.5544 | mAP50=0.6227 | mAP50-95=0.3864 | per_class(mAP50/mAP50-95)=[car=0.798/0.487 truck=0.641/0.464 bus=0.637/0.478 motor=0.483/0.222 bike=0.554/0.282]
[2026-08-24T01:15:20.403064+07:00] epoch 72/100 | box_loss=1.36806 | cls_loss=0.85584 | dfl_loss=0.93480 | precision=0.7157 | recall=0.5561 | mAP50=0.6223 | mAP50-95=0.3860 | per_class(mAP50/mAP50-95)=[car=0.799/0.487 truck=0.644/0.464 bus=0.636/0.480 motor=0.475/0.218 bike=0.557/0.281]
[2026-08-24T01:38:49.172730+07:00] epoch 73/100 | box_loss=1.36787 | cls_loss=0.85294 | dfl_loss=0.93502 | precision=0.7143 | recall=0.5594 | mAP50=0.6220 | mAP50-95=0.3865 | per_class(mAP50/mAP50-95)=[car=0.799/0.487 truck=0.644/0.464 bus=0.638/0.481 motor=0.473/0.219 bike=0.556/0.281]
[2026-08-24T02:02:38.455274+07:00] epoch 74/100 | box_loss=1.36480 | cls_loss=0.84840 | dfl_loss=0.93331 | precision=0.7147 | recall=0.5608 | mAP50=0.6206 | mAP50-95=0.3857 | per_class(mAP50/mAP50-95)=[car=0.799/0.488 truck=0.642/0.465 bus=0.639/0.480 motor=0.469/0.216 bike=0.554/0.280]
[2026-08-24T02:25:57.813915+07:00] epoch 75/100 | box_loss=1.36284 | cls_loss=0.84576 | dfl_loss=0.93224 | precision=0.7202 | recall=0.5499 | mAP50=0.6202 | mAP50-95=0.3850 | per_class(mAP50/mAP50-95)=[car=0.799/0.488 truck=0.641/0.464 bus=0.638/0.479 motor=0.468/0.216 bike=0.556/0.278]
[2026-08-24T02:49:40.780244+07:00] epoch 76/100 | box_loss=1.36189 | cls_loss=0.84491 | dfl_loss=0.93153 | precision=0.7318 | recall=0.5423 | mAP50=0.6196 | mAP50-95=0.3840 | per_class(mAP50/mAP50-95)=[car=0.799/0.488 truck=0.641/0.463 bus=0.636/0.479 motor=0.468/0.216 bike=0.554/0.275]
[2026-08-24T03:12:50.110896+07:00] epoch 77/100 | box_loss=1.36129 | cls_loss=0.84365 | dfl_loss=0.93107 | precision=0.7121 | recall=0.5453 | mAP50=0.6198 | mAP50-95=0.3845 | per_class(mAP50/mAP50-95)=[car=0.799/0.488 truck=0.640/0.464 bus=0.638/0.479 motor=0.470/0.216 bike=0.552/0.276]
[2026-08-24T03:36:23.911529+07:00] epoch 78/100 | box_loss=1.35815 | cls_loss=0.83907 | dfl_loss=0.93206 | precision=0.7042 | recall=0.5506 | mAP50=0.6197 | mAP50-95=0.3833 | per_class(mAP50/mAP50-95)=[car=0.799/0.488 truck=0.640/0.463 bus=0.637/0.477 motor=0.470/0.218 bike=0.552/0.271]
[2026-08-24T03:59:58.618473+07:00] epoch 79/100 | box_loss=1.35501 | cls_loss=0.83572 | dfl_loss=0.93021 | precision=0.6918 | recall=0.5584 | mAP50=0.6183 | mAP50-95=0.3835 | per_class(mAP50/mAP50-95)=[car=0.798/0.488 truck=0.640/0.465 bus=0.635/0.478 motor=0.469/0.217 bike=0.550/0.269]
[2026-08-24T04:23:32.637953+07:00] epoch 80/100 | box_loss=1.35269 | cls_loss=0.83082 | dfl_loss=0.92916 | precision=0.6871 | recall=0.5642 | mAP50=0.6184 | mAP50-95=0.3850 | per_class(mAP50/mAP50-95)=[car=0.798/0.488 truck=0.642/0.465 bus=0.636/0.479 motor=0.466/0.221 bike=0.550/0.272]
[2026-08-24T04:46:37.769827+07:00] epoch 81/100 | box_loss=1.39126 | cls_loss=0.83290 | dfl_loss=0.94819 | precision=0.6845 | recall=0.5583 | mAP50=0.6187 | mAP50-95=0.3836 | per_class(mAP50/mAP50-95)=[car=0.799/0.488 truck=0.642/0.466 bus=0.640/0.481 motor=0.465/0.213 bike=0.548/0.271]
[2026-08-24T05:10:03.524898+07:00] epoch 82/100 | box_loss=1.38760 | cls_loss=0.82798 | dfl_loss=0.94551 | precision=0.6974 | recall=0.5463 | mAP50=0.6166 | mAP50-95=0.3825 | per_class(mAP50/mAP50-95)=[car=0.799/0.488 truck=0.642/0.465 bus=0.637/0.481 motor=0.457/0.209 bike=0.548/0.269]
[2026-08-24T05:33:30.666433+07:00] epoch 83/100 | box_loss=1.38343 | cls_loss=0.82416 | dfl_loss=0.94486 | precision=0.7263 | recall=0.5317 | mAP50=0.6160 | mAP50-95=0.3819 | per_class(mAP50/mAP50-95)=[car=0.798/0.488 truck=0.643/0.466 bus=0.636/0.480 motor=0.455/0.208 bike=0.548/0.267]
[2026-08-24T05:56:48.670908+07:00] epoch 84/100 | box_loss=1.38112 | cls_loss=0.82000 | dfl_loss=0.94433 | precision=0.7159 | recall=0.5434 | mAP50=0.6150 | mAP50-95=0.3808 | per_class(mAP50/mAP50-95)=[car=0.798/0.488 truck=0.643/0.466 bus=0.635/0.479 motor=0.451/0.205 bike=0.548/0.266]
[2026-08-24T06:19:50.826903+07:00] epoch 85/100 | box_loss=1.37835 | cls_loss=0.81517 | dfl_loss=0.94393 | precision=0.7023 | recall=0.5464 | mAP50=0.6125 | mAP50-95=0.3795 | per_class(mAP50/mAP50-95)=[car=0.796/0.488 truck=0.640/0.464 bus=0.633/0.479 motor=0.446/0.200 bike=0.547/0.266]
[2026-08-24T06:42:52.487393+07:00] epoch 86/100 | box_loss=1.37451 | cls_loss=0.81078 | dfl_loss=0.94266 | precision=0.6931 | recall=0.5559 | mAP50=0.6107 | mAP50-95=0.3785 | per_class(mAP50/mAP50-95)=[car=0.798/0.488 truck=0.640/0.464 bus=0.633/0.477 motor=0.445/0.200 bike=0.538/0.263]
[2026-08-24T07:06:19.642953+07:00] epoch 87/100 | box_loss=1.36965 | cls_loss=0.80457 | dfl_loss=0.94205 | precision=0.7026 | recall=0.5486 | mAP50=0.6092 | mAP50-95=0.3775 | per_class(mAP50/mAP50-95)=[car=0.797/0.488 truck=0.638/0.462 bus=0.633/0.477 motor=0.444/0.198 bike=0.534/0.262]
[2026-08-24T07:29:41.065617+07:00] epoch 88/100 | box_loss=1.36541 | cls_loss=0.79925 | dfl_loss=0.93941 | precision=0.6985 | recall=0.5482 | mAP50=0.6073 | mAP50-95=0.3754 | per_class(mAP50/mAP50-95)=[car=0.798/0.488 truck=0.637/0.462 bus=0.630/0.475 motor=0.441/0.196 bike=0.531/0.256]
[2026-08-24T07:51:55.101210+07:00] epoch 89/100 | box_loss=1.36182 | cls_loss=0.79318 | dfl_loss=0.93895 | precision=0.6993 | recall=0.5434 | mAP50=0.6062 | mAP50-95=0.3742 | per_class(mAP50/mAP50-95)=[car=0.799/0.488 truck=0.636/0.460 bus=0.631/0.475 motor=0.436/0.194 bike=0.530/0.254]
[2026-08-24T08:13:12.373260+07:00] epoch 90/100 | box_loss=1.35894 | cls_loss=0.79090 | dfl_loss=0.93840 | precision=0.6951 | recall=0.5365 | mAP50=0.6030 | mAP50-95=0.3724 | per_class(mAP50/mAP50-95)=[car=0.798/0.488 truck=0.634/0.459 bus=0.627/0.472 motor=0.436/0.190 bike=0.520/0.254]
[2026-08-24T08:35:38.877720+07:00] epoch 91/100 | box_loss=1.35268 | cls_loss=0.78323 | dfl_loss=0.93588 | precision=0.7025 | recall=0.5386 | mAP50=0.6055 | mAP50-95=0.3723 | per_class(mAP50/mAP50-95)=[car=0.796/0.487 truck=0.632/0.459 bus=0.632/0.473 motor=0.436/0.187 bike=0.531/0.255]
[2026-08-24T08:58:40.394212+07:00] epoch 92/100 | box_loss=1.34902 | cls_loss=0.77732 | dfl_loss=0.93545 | precision=0.7000 | recall=0.5382 | mAP50=0.6046 | mAP50-95=0.3720 | per_class(mAP50/mAP50-95)=[car=0.796/0.487 truck=0.630/0.457 bus=0.627/0.472 motor=0.441/0.192 bike=0.529/0.252]
[2026-08-24T09:22:26.203051+07:00] epoch 93/100 | box_loss=1.34566 | cls_loss=0.77317 | dfl_loss=0.93419 | precision=0.7045 | recall=0.5429 | mAP50=0.6042 | mAP50-95=0.3724 | per_class(mAP50/mAP50-95)=[car=0.796/0.486 truck=0.630/0.456 bus=0.625/0.471 motor=0.442/0.193 bike=0.528/0.255]
[2026-08-24T09:44:58.067656+07:00] epoch 94/100 | box_loss=1.33866 | cls_loss=0.76729 | dfl_loss=0.93233 | precision=0.6980 | recall=0.5401 | mAP50=0.6029 | mAP50-95=0.3707 | per_class(mAP50/mAP50-95)=[car=0.795/0.487 truck=0.629/0.455 bus=0.624/0.469 motor=0.443/0.190 bike=0.524/0.254]
[2026-08-24T10:08:34.953076+07:00] epoch 95/100 | box_loss=1.33603 | cls_loss=0.76087 | dfl_loss=0.93159 | precision=0.7006 | recall=0.5458 | mAP50=0.6015 | mAP50-95=0.3686 | per_class(mAP50/mAP50-95)=[car=0.795/0.486 truck=0.626/0.452 bus=0.621/0.468 motor=0.441/0.187 bike=0.524/0.249]
[2026-08-24T10:31:56.352065+07:00] epoch 96/100 | box_loss=1.33131 | cls_loss=0.75449 | dfl_loss=0.93037 | precision=0.6974 | recall=0.5436 | mAP50=0.5988 | mAP50-95=0.3673 | per_class(mAP50/mAP50-95)=[car=0.795/0.486 truck=0.625/0.450 bus=0.616/0.468 motor=0.437/0.186 bike=0.520/0.246]
[2026-08-24T10:55:23.210749+07:00] epoch 97/100 | box_loss=1.32588 | cls_loss=0.75007 | dfl_loss=0.92879 | precision=0.6971 | recall=0.5451 | mAP50=0.5959 | mAP50-95=0.3644 | per_class(mAP50/mAP50-95)=[car=0.796/0.486 truck=0.623/0.449 bus=0.614/0.465 motor=0.438/0.182 bike=0.508/0.239]
[2026-08-24T11:18:24.331451+07:00] epoch 98/100 | box_loss=1.32125 | cls_loss=0.74554 | dfl_loss=0.92754 | precision=0.6935 | recall=0.5458 | mAP50=0.5953 | mAP50-95=0.3635 | per_class(mAP50/mAP50-95)=[car=0.796/0.486 truck=0.623/0.447 bus=0.618/0.464 motor=0.436/0.182 bike=0.504/0.237]
[2026-08-24T11:41:44.371245+07:00] epoch 99/100 | box_loss=1.31728 | cls_loss=0.74022 | dfl_loss=0.92655 | precision=0.6905 | recall=0.5456 | mAP50=0.5936 | mAP50-95=0.3631 | per_class(mAP50/mAP50-95)=[car=0.795/0.486 truck=0.620/0.447 bus=0.620/0.464 motor=0.433/0.180 bike=0.500/0.239]
[2026-08-24T12:05:13.928519+07:00] epoch 100/100 | box_loss=1.31352 | cls_loss=0.73503 | dfl_loss=0.92523 | precision=0.6808 | recall=0.5498 | mAP50=0.5900 | mAP50-95=0.3606 | per_class(mAP50/mAP50-95)=[car=0.795/0.486 truck=0.616/0.444 bus=0.616/0.461 motor=0.429/0.177 bike=0.495/0.235]
[2026-08-24T12:06:47.711782+07:00] final validation (best.pt) | precision=0.7178 | recall=0.5585 | mAP50=0.6211 | mAP50-95=0.3882 | per_class(mAP50/mAP50-95)=[car=0.795/0.486 truck=0.635/0.462 bus=0.635/0.478 motor=0.472/0.222 bike=0.568/0.293]
[2026-08-24T12:06:49.498916+07:00] eval val_day: mAP50=0.5829 mAP50-95=0.3698
[2026-08-24T12:06:49.498916+07:00] eval val_night: mAP50=0.5914 mAP50-95=0.3665
[2026-08-24T12:06:49.498916+07:00] eval val_dawndusk: mAP50=0.6192 mAP50-95=0.3968
[2026-08-24T12:06:49.498916+07:00] eval val_day (pycocotools): mAP50=0.5503 mAP50-95=0.3479
[2026-08-24T12:06:49.498916+07:00] eval val_night (pycocotools): mAP50=0.5586 mAP50-95=0.3420
[2026-08-24T12:06:49.498916+07:00] eval val_dawndusk (pycocotools): mAP50=0.5795 mAP50-95=0.3711
