[2026-08-16T18:20:45.800258+07:00] starting arm 'set1_night_aug' (100 epochs)
[2026-08-16T18:29:34.482719+07:00] epoch 1/100 | box_loss=1.53589 | cls_loss=0.83029 | dfl_loss=1.00330 | precision=0.5483 | recall=0.3952 | mAP50=0.4057 | mAP50-95=0.2507 | per_class(mAP50/mAP50-95)=[car=0.705/0.413 truck=0.437/0.302 bus=0.430/0.322 motor=0.185/0.097 bike=0.272/0.120]
[2026-08-16T18:36:58.664930+07:00] epoch 2/100 | box_loss=1.56169 | cls_loss=0.82334 | dfl_loss=1.00954 | precision=0.5472 | recall=0.3722 | mAP50=0.3944 | mAP50-95=0.2413 | per_class(mAP50/mAP50-95)=[car=0.713/0.418 truck=0.419/0.284 bus=0.397/0.292 motor=0.162/0.087 bike=0.280/0.125]
[2026-08-16T18:44:05.297760+07:00] epoch 3/100 | box_loss=1.58172 | cls_loss=0.84154 | dfl_loss=1.02161 | precision=0.5157 | recall=0.3678 | mAP50=0.3932 | mAP50-95=0.2385 | per_class(mAP50/mAP50-95)=[car=0.718/0.423 truck=0.444/0.298 bus=0.417/0.308 motor=0.204/0.093 bike=0.183/0.071]
[2026-08-16T18:51:06.912582+07:00] epoch 4/100 | box_loss=1.56639 | cls_loss=0.81878 | dfl_loss=1.01603 | precision=0.6159 | recall=0.4014 | mAP50=0.4521 | mAP50-95=0.2741 | per_class(mAP50/mAP50-95)=[car=0.738/0.438 truck=0.501/0.337 bus=0.472/0.346 motor=0.257/0.108 bike=0.292/0.141]
[2026-08-16T18:58:07.454726+07:00] epoch 5/100 | box_loss=1.51934 | cls_loss=0.77710 | dfl_loss=1.00046 | precision=0.5331 | recall=0.4553 | mAP50=0.4667 | mAP50-95=0.2899 | per_class(mAP50/mAP50-95)=[car=0.748/0.447 truck=0.523/0.365 bus=0.496/0.379 motor=0.293/0.140 bike=0.273/0.119]
[2026-08-16T19:05:07.795029+07:00] epoch 6/100 | box_loss=1.49610 | cls_loss=0.75306 | dfl_loss=0.99268 | precision=0.6306 | recall=0.4606 | mAP50=0.5116 | mAP50-95=0.3168 | per_class(mAP50/mAP50-95)=[car=0.755/0.455 truck=0.545/0.373 bus=0.540/0.409 motor=0.326/0.169 bike=0.392/0.178]
[2026-08-16T19:12:07.233598+07:00] epoch 7/100 | box_loss=1.47827 | cls_loss=0.73511 | dfl_loss=0.98591 | precision=0.5988 | recall=0.4891 | mAP50=0.5199 | mAP50-95=0.3157 | per_class(mAP50/mAP50-95)=[car=0.762/0.458 truck=0.563/0.391 bus=0.549/0.408 motor=0.316/0.143 bike=0.410/0.178]
[2026-08-16T19:19:08.420391+07:00] epoch 8/100 | box_loss=1.46979 | cls_loss=0.72715 | dfl_loss=0.98368 | precision=0.7038 | recall=0.4691 | mAP50=0.5373 | mAP50-95=0.3304 | per_class(mAP50/mAP50-95)=[car=0.766/0.462 truck=0.576/0.399 bus=0.553/0.415 motor=0.380/0.176 bike=0.412/0.200]
[2026-08-16T19:26:09.216157+07:00] epoch 9/100 | box_loss=1.45882 | cls_loss=0.71646 | dfl_loss=0.97869 | precision=0.6149 | recall=0.4968 | mAP50=0.5360 | mAP50-95=0.3353 | per_class(mAP50/mAP50-95)=[car=0.769/0.465 truck=0.582/0.410 bus=0.564/0.433 motor=0.361/0.166 bike=0.403/0.203]
[2026-08-16T19:33:09.746459+07:00] epoch 10/100 | box_loss=1.45385 | cls_loss=0.71160 | dfl_loss=0.97590 | precision=0.6388 | recall=0.5071 | mAP50=0.5447 | mAP50-95=0.3414 | per_class(mAP50/mAP50-95)=[car=0.775/0.468 truck=0.584/0.409 bus=0.574/0.439 motor=0.356/0.176 bike=0.434/0.215]
[2026-08-16T19:40:09.342885+07:00] epoch 11/100 | box_loss=1.44779 | cls_loss=0.70610 | dfl_loss=0.97503 | precision=0.6572 | recall=0.5005 | mAP50=0.5599 | mAP50-95=0.3486 | per_class(mAP50/mAP50-95)=[car=0.778/0.470 truck=0.595/0.419 bus=0.580/0.446 motor=0.416/0.191 bike=0.431/0.218]
[2026-08-16T19:47:10.458783+07:00] epoch 12/100 | box_loss=1.44051 | cls_loss=0.70010 | dfl_loss=0.97223 | precision=0.6790 | recall=0.4930 | mAP50=0.5625 | mAP50-95=0.3510 | per_class(mAP50/mAP50-95)=[car=0.780/0.472 truck=0.596/0.420 bus=0.592/0.454 motor=0.417/0.202 bike=0.428/0.207]
[2026-08-16T19:54:10.840306+07:00] epoch 13/100 | box_loss=1.43579 | cls_loss=0.69503 | dfl_loss=0.97215 | precision=0.6814 | recall=0.4930 | mAP50=0.5561 | mAP50-95=0.3456 | per_class(mAP50/mAP50-95)=[car=0.780/0.473 truck=0.595/0.421 bus=0.596/0.445 motor=0.365/0.182 bike=0.444/0.207]
[2026-08-16T20:01:14.273865+07:00] epoch 14/100 | box_loss=1.43286 | cls_loss=0.69246 | dfl_loss=0.97012 | precision=0.6657 | recall=0.5273 | mAP50=0.5660 | mAP50-95=0.3498 | per_class(mAP50/mAP50-95)=[car=0.782/0.474 truck=0.596/0.420 bus=0.594/0.453 motor=0.402/0.181 bike=0.456/0.221]
[2026-08-16T20:08:16.874829+07:00] epoch 15/100 | box_loss=1.42888 | cls_loss=0.68885 | dfl_loss=0.96888 | precision=0.6494 | recall=0.5188 | mAP50=0.5611 | mAP50-95=0.3504 | per_class(mAP50/mAP50-95)=[car=0.782/0.474 truck=0.600/0.423 bus=0.598/0.453 motor=0.367/0.176 bike=0.459/0.226]
[2026-08-16T20:15:19.679010+07:00] epoch 16/100 | box_loss=1.42857 | cls_loss=0.68808 | dfl_loss=0.96961 | precision=0.6612 | recall=0.5126 | mAP50=0.5631 | mAP50-95=0.3530 | per_class(mAP50/mAP50-95)=[car=0.782/0.474 truck=0.604/0.425 bus=0.597/0.452 motor=0.372/0.188 bike=0.461/0.226]
[2026-08-16T20:22:19.971493+07:00] epoch 17/100 | box_loss=1.42324 | cls_loss=0.68320 | dfl_loss=0.96810 | precision=0.6926 | recall=0.5000 | mAP50=0.5698 | mAP50-95=0.3542 | per_class(mAP50/mAP50-95)=[car=0.783/0.475 truck=0.606/0.426 bus=0.598/0.452 motor=0.403/0.188 bike=0.460/0.229]
[2026-08-16T20:29:21.288098+07:00] epoch 18/100 | box_loss=1.42320 | cls_loss=0.68141 | dfl_loss=0.96689 | precision=0.6505 | recall=0.5197 | mAP50=0.5709 | mAP50-95=0.3550 | per_class(mAP50/mAP50-95)=[car=0.783/0.476 truck=0.609/0.429 bus=0.596/0.453 motor=0.407/0.187 bike=0.461/0.230]
[2026-08-16T20:36:22.739745+07:00] epoch 19/100 | box_loss=1.42049 | cls_loss=0.67913 | dfl_loss=0.96643 | precision=0.6647 | recall=0.5206 | mAP50=0.5728 | mAP50-95=0.3572 | per_class(mAP50/mAP50-95)=[car=0.784/0.476 truck=0.612/0.429 bus=0.596/0.459 motor=0.409/0.191 bike=0.462/0.231]
[2026-08-16T20:43:24.810818+07:00] epoch 20/100 | box_loss=1.41864 | cls_loss=0.67748 | dfl_loss=0.96607 | precision=0.6487 | recall=0.5268 | mAP50=0.5731 | mAP50-95=0.3577 | per_class(mAP50/mAP50-95)=[car=0.785/0.476 truck=0.612/0.431 bus=0.595/0.460 motor=0.413/0.193 bike=0.460/0.228]
[2026-08-16T20:50:26.514324+07:00] epoch 21/100 | box_loss=1.41536 | cls_loss=0.67514 | dfl_loss=0.96491 | precision=0.7068 | recall=0.5126 | mAP50=0.5740 | mAP50-95=0.3589 | per_class(mAP50/mAP50-95)=[car=0.786/0.477 truck=0.614/0.433 bus=0.595/0.460 motor=0.414/0.192 bike=0.462/0.233]
[2026-08-16T20:57:26.367071+07:00] epoch 22/100 | box_loss=1.41313 | cls_loss=0.67398 | dfl_loss=0.96384 | precision=0.7066 | recall=0.5099 | mAP50=0.5758 | mAP50-95=0.3583 | per_class(mAP50/mAP50-95)=[car=0.786/0.477 truck=0.614/0.432 bus=0.598/0.460 motor=0.418/0.191 bike=0.464/0.231]
[2026-08-16T21:04:26.818542+07:00] epoch 23/100 | box_loss=1.41009 | cls_loss=0.67128 | dfl_loss=0.96353 | precision=0.6980 | recall=0.5110 | mAP50=0.5781 | mAP50-95=0.3590 | per_class(mAP50/mAP50-95)=[car=0.786/0.477 truck=0.615/0.432 bus=0.598/0.460 motor=0.421/0.191 bike=0.470/0.234]
[2026-08-16T21:11:27.437095+07:00] epoch 24/100 | box_loss=1.41121 | cls_loss=0.67079 | dfl_loss=0.96309 | precision=0.7016 | recall=0.5123 | mAP50=0.5779 | mAP50-95=0.3597 | per_class(mAP50/mAP50-95)=[car=0.787/0.478 truck=0.616/0.435 bus=0.598/0.459 motor=0.421/0.191 bike=0.467/0.235]
[2026-08-16T21:18:29.236822+07:00] epoch 25/100 | box_loss=1.40802 | cls_loss=0.66748 | dfl_loss=0.96123 | precision=0.7167 | recall=0.5141 | mAP50=0.5793 | mAP50-95=0.3600 | per_class(mAP50/mAP50-95)=[car=0.787/0.478 truck=0.617/0.437 bus=0.598/0.458 motor=0.425/0.192 bike=0.469/0.236]
[2026-08-16T21:25:30.110871+07:00] epoch 26/100 | box_loss=1.40526 | cls_loss=0.66666 | dfl_loss=0.96116 | precision=0.7007 | recall=0.5229 | mAP50=0.5798 | mAP50-95=0.3596 | per_class(mAP50/mAP50-95)=[car=0.788/0.478 truck=0.619/0.437 bus=0.599/0.457 motor=0.425/0.191 bike=0.468/0.234]
[2026-08-16T21:32:30.685074+07:00] epoch 27/100 | box_loss=1.40619 | cls_loss=0.66624 | dfl_loss=0.96152 | precision=0.7116 | recall=0.5155 | mAP50=0.5812 | mAP50-95=0.3603 | per_class(mAP50/mAP50-95)=[car=0.788/0.478 truck=0.619/0.437 bus=0.603/0.459 motor=0.425/0.192 bike=0.471/0.235]
[2026-08-16T21:39:29.608179+07:00] epoch 28/100 | box_loss=1.40116 | cls_loss=0.66144 | dfl_loss=0.96101 | precision=0.7144 | recall=0.5154 | mAP50=0.5827 | mAP50-95=0.3610 | per_class(mAP50/mAP50-95)=[car=0.788/0.479 truck=0.620/0.437 bus=0.602/0.460 motor=0.430/0.194 bike=0.474/0.234]
[2026-08-16T21:46:30.201376+07:00] epoch 29/100 | box_loss=1.40316 | cls_loss=0.66147 | dfl_loss=0.96064 | precision=0.7182 | recall=0.5132 | mAP50=0.5853 | mAP50-95=0.3628 | per_class(mAP50/mAP50-95)=[car=0.788/0.479 truck=0.621/0.439 bus=0.602/0.460 motor=0.433/0.196 bike=0.482/0.240]
[2026-08-16T21:53:29.001359+07:00] epoch 30/100 | box_loss=1.39977 | cls_loss=0.66134 | dfl_loss=0.95921 | precision=0.7182 | recall=0.5132 | mAP50=0.5856 | mAP50-95=0.3634 | per_class(mAP50/mAP50-95)=[car=0.788/0.480 truck=0.621/0.439 bus=0.603/0.460 motor=0.430/0.196 bike=0.485/0.243]
[2026-08-16T22:00:29.572696+07:00] epoch 31/100 | box_loss=1.39723 | cls_loss=0.65999 | dfl_loss=0.95863 | precision=0.7165 | recall=0.5163 | mAP50=0.5867 | mAP50-95=0.3636 | per_class(mAP50/mAP50-95)=[car=0.789/0.480 truck=0.622/0.440 bus=0.602/0.461 motor=0.428/0.195 bike=0.492/0.243]
[2026-08-16T22:07:29.705649+07:00] epoch 32/100 | box_loss=1.39698 | cls_loss=0.65732 | dfl_loss=0.95812 | precision=0.7083 | recall=0.5184 | mAP50=0.5871 | mAP50-95=0.3645 | per_class(mAP50/mAP50-95)=[car=0.789/0.480 truck=0.623/0.443 bus=0.604/0.462 motor=0.431/0.196 bike=0.489/0.242]
[2026-08-16T22:14:30.837147+07:00] epoch 33/100 | box_loss=1.39710 | cls_loss=0.65871 | dfl_loss=0.95887 | precision=0.7041 | recall=0.5241 | mAP50=0.5871 | mAP50-95=0.3644 | per_class(mAP50/mAP50-95)=[car=0.789/0.481 truck=0.624/0.443 bus=0.605/0.462 motor=0.430/0.194 bike=0.488/0.242]
[2026-08-16T22:21:32.376722+07:00] epoch 34/100 | box_loss=1.39586 | cls_loss=0.65572 | dfl_loss=0.95731 | precision=0.7076 | recall=0.5215 | mAP50=0.5872 | mAP50-95=0.3658 | per_class(mAP50/mAP50-95)=[car=0.790/0.481 truck=0.625/0.444 bus=0.605/0.463 motor=0.430/0.194 bike=0.486/0.247]
[2026-08-16T22:28:33.269985+07:00] epoch 35/100 | box_loss=1.39575 | cls_loss=0.65559 | dfl_loss=0.95805 | precision=0.7150 | recall=0.5205 | mAP50=0.5882 | mAP50-95=0.3666 | per_class(mAP50/mAP50-95)=[car=0.791/0.481 truck=0.625/0.445 bus=0.605/0.462 motor=0.432/0.196 bike=0.488/0.248]
[2026-08-16T22:35:35.053523+07:00] epoch 36/100 | box_loss=1.39526 | cls_loss=0.65215 | dfl_loss=0.95799 | precision=0.7045 | recall=0.5258 | mAP50=0.5898 | mAP50-95=0.3674 | per_class(mAP50/mAP50-95)=[car=0.790/0.482 truck=0.626/0.445 bus=0.604/0.463 motor=0.433/0.197 bike=0.496/0.250]
[2026-08-16T22:42:36.796811+07:00] epoch 37/100 | box_loss=1.39066 | cls_loss=0.65092 | dfl_loss=0.95665 | precision=0.7033 | recall=0.5251 | mAP50=0.5902 | mAP50-95=0.3679 | per_class(mAP50/mAP50-95)=[car=0.791/0.482 truck=0.626/0.447 bus=0.603/0.463 motor=0.435/0.197 bike=0.495/0.250]
[2026-08-16T22:49:37.112384+07:00] epoch 38/100 | box_loss=1.39038 | cls_loss=0.65174 | dfl_loss=0.95548 | precision=0.6905 | recall=0.5358 | mAP50=0.5915 | mAP50-95=0.3681 | per_class(mAP50/mAP50-95)=[car=0.792/0.482 truck=0.625/0.446 bus=0.604/0.464 motor=0.435/0.198 bike=0.502/0.250]
[2026-08-16T22:56:37.920581+07:00] epoch 39/100 | box_loss=1.38965 | cls_loss=0.64832 | dfl_loss=0.95579 | precision=0.7124 | recall=0.5241 | mAP50=0.5924 | mAP50-95=0.3703 | per_class(mAP50/mAP50-95)=[car=0.792/0.482 truck=0.626/0.447 bus=0.605/0.464 motor=0.438/0.204 bike=0.501/0.254]
[2026-08-16T23:03:38.609827+07:00] epoch 40/100 | box_loss=1.38854 | cls_loss=0.64794 | dfl_loss=0.95527 | precision=0.6925 | recall=0.5346 | mAP50=0.5943 | mAP50-95=0.3713 | per_class(mAP50/mAP50-95)=[car=0.793/0.482 truck=0.625/0.448 bus=0.606/0.465 motor=0.441/0.207 bike=0.507/0.254]
[2026-08-16T23:10:40.383362+07:00] epoch 41/100 | box_loss=1.38482 | cls_loss=0.64601 | dfl_loss=0.95460 | precision=0.6936 | recall=0.5295 | mAP50=0.5939 | mAP50-95=0.3704 | per_class(mAP50/mAP50-95)=[car=0.792/0.483 truck=0.626/0.448 bus=0.607/0.467 motor=0.438/0.199 bike=0.507/0.255]
[2026-08-16T23:17:39.978707+07:00] epoch 42/100 | box_loss=1.38367 | cls_loss=0.64487 | dfl_loss=0.95508 | precision=0.7064 | recall=0.5262 | mAP50=0.5959 | mAP50-95=0.3711 | per_class(mAP50/mAP50-95)=[car=0.793/0.483 truck=0.629/0.449 bus=0.607/0.467 motor=0.439/0.199 bike=0.512/0.257]
[2026-08-16T23:24:41.322150+07:00] epoch 43/100 | box_loss=1.38398 | cls_loss=0.64376 | dfl_loss=0.95370 | precision=0.7075 | recall=0.5233 | mAP50=0.5958 | mAP50-95=0.3712 | per_class(mAP50/mAP50-95)=[car=0.793/0.483 truck=0.629/0.450 bus=0.607/0.470 motor=0.436/0.195 bike=0.515/0.258]
[2026-08-16T23:31:42.065646+07:00] epoch 44/100 | box_loss=1.38350 | cls_loss=0.64309 | dfl_loss=0.95318 | precision=0.7060 | recall=0.5275 | mAP50=0.5969 | mAP50-95=0.3714 | per_class(mAP50/mAP50-95)=[car=0.793/0.483 truck=0.630/0.450 bus=0.608/0.469 motor=0.438/0.197 bike=0.517/0.258]
[2026-08-16T23:38:44.433515+07:00] epoch 45/100 | box_loss=1.37983 | cls_loss=0.64068 | dfl_loss=0.95332 | precision=0.7084 | recall=0.5302 | mAP50=0.5973 | mAP50-95=0.3718 | per_class(mAP50/mAP50-95)=[car=0.793/0.484 truck=0.630/0.450 bus=0.607/0.470 motor=0.435/0.195 bike=0.521/0.260]
[2026-08-16T23:45:45.277037+07:00] epoch 46/100 | box_loss=1.37931 | cls_loss=0.64027 | dfl_loss=0.95283 | precision=0.6958 | recall=0.5372 | mAP50=0.5976 | mAP50-95=0.3723 | per_class(mAP50/mAP50-95)=[car=0.794/0.484 truck=0.631/0.451 bus=0.607/0.469 motor=0.436/0.198 bike=0.520/0.259]
[2026-08-16T23:52:46.786767+07:00] epoch 47/100 | box_loss=1.38145 | cls_loss=0.64103 | dfl_loss=0.95358 | precision=0.6908 | recall=0.5441 | mAP50=0.5976 | mAP50-95=0.3731 | per_class(mAP50/mAP50-95)=[car=0.795/0.484 truck=0.632/0.451 bus=0.609/0.470 motor=0.432/0.198 bike=0.520/0.263]
[2026-08-16T23:59:46.216254+07:00] epoch 48/100 | box_loss=1.37690 | cls_loss=0.63801 | dfl_loss=0.95271 | precision=0.6837 | recall=0.5580 | mAP50=0.5982 | mAP50-95=0.3741 | per_class(mAP50/mAP50-95)=[car=0.793/0.485 truck=0.634/0.453 bus=0.609/0.469 motor=0.435/0.201 bike=0.519/0.263]
[2026-08-17T00:06:47.547373+07:00] epoch 49/100 | box_loss=1.37652 | cls_loss=0.63672 | dfl_loss=0.95114 | precision=0.7132 | recall=0.5309 | mAP50=0.5989 | mAP50-95=0.3738 | per_class(mAP50/mAP50-95)=[car=0.795/0.485 truck=0.635/0.452 bus=0.611/0.470 motor=0.437/0.201 bike=0.516/0.262]
[2026-08-17T00:13:47.042605+07:00] epoch 50/100 | box_loss=1.37641 | cls_loss=0.63695 | dfl_loss=0.95092 | precision=0.7124 | recall=0.5285 | mAP50=0.5983 | mAP50-95=0.3746 | per_class(mAP50/mAP50-95)=[car=0.794/0.485 truck=0.635/0.452 bus=0.610/0.469 motor=0.435/0.205 bike=0.517/0.262]
[2026-08-17T00:20:47.856050+07:00] epoch 51/100 | box_loss=1.37669 | cls_loss=0.63646 | dfl_loss=0.95177 | precision=0.6796 | recall=0.5509 | mAP50=0.5979 | mAP50-95=0.3745 | per_class(mAP50/mAP50-95)=[car=0.796/0.485 truck=0.635/0.453 bus=0.611/0.471 motor=0.433/0.202 bike=0.515/0.261]
[2026-08-17T00:27:51.604553+07:00] epoch 52/100 | box_loss=1.37391 | cls_loss=0.63483 | dfl_loss=0.95067 | precision=0.6782 | recall=0.5497 | mAP50=0.5979 | mAP50-95=0.3752 | per_class(mAP50/mAP50-95)=[car=0.794/0.485 truck=0.634/0.454 bus=0.611/0.471 motor=0.435/0.204 bike=0.515/0.262]
[2026-08-17T00:34:52.588435+07:00] epoch 53/100 | box_loss=1.36907 | cls_loss=0.63222 | dfl_loss=0.94940 | precision=0.7287 | recall=0.5237 | mAP50=0.5994 | mAP50-95=0.3754 | per_class(mAP50/mAP50-95)=[car=0.796/0.485 truck=0.632/0.455 bus=0.612/0.470 motor=0.443/0.208 bike=0.514/0.259]
[2026-08-17T00:41:53.534131+07:00] epoch 54/100 | box_loss=1.37122 | cls_loss=0.63306 | dfl_loss=0.94967 | precision=0.7247 | recall=0.5267 | mAP50=0.6006 | mAP50-95=0.3764 | per_class(mAP50/mAP50-95)=[car=0.794/0.485 truck=0.633/0.455 bus=0.612/0.470 motor=0.446/0.212 bike=0.517/0.260]
[2026-08-17T00:48:52.490959+07:00] epoch 55/100 | box_loss=1.36846 | cls_loss=0.62951 | dfl_loss=0.94966 | precision=0.6897 | recall=0.5538 | mAP50=0.6029 | mAP50-95=0.3762 | per_class(mAP50/mAP50-95)=[car=0.795/0.486 truck=0.635/0.454 bus=0.612/0.469 motor=0.449/0.214 bike=0.524/0.259]
[2026-08-17T00:55:49.916318+07:00] epoch 56/100 | box_loss=1.36805 | cls_loss=0.62872 | dfl_loss=0.94860 | precision=0.7270 | recall=0.5272 | mAP50=0.6024 | mAP50-95=0.3772 | per_class(mAP50/mAP50-95)=[car=0.795/0.486 truck=0.635/0.455 bus=0.610/0.469 motor=0.450/0.215 bike=0.521/0.261]
[2026-08-17T01:02:49.555161+07:00] epoch 57/100 | box_loss=1.36765 | cls_loss=0.62852 | dfl_loss=0.94861 | precision=0.6952 | recall=0.5517 | mAP50=0.6026 | mAP50-95=0.3786 | per_class(mAP50/mAP50-95)=[car=0.796/0.486 truck=0.635/0.457 bus=0.612/0.471 motor=0.451/0.218 bike=0.519/0.261]
[2026-08-17T01:09:49.375025+07:00] epoch 58/100 | box_loss=1.36638 | cls_loss=0.62735 | dfl_loss=0.94836 | precision=0.6905 | recall=0.5525 | mAP50=0.6035 | mAP50-95=0.3785 | per_class(mAP50/mAP50-95)=[car=0.797/0.486 truck=0.636/0.457 bus=0.612/0.470 motor=0.452/0.217 bike=0.521/0.262]
[2026-08-17T01:16:49.436757+07:00] epoch 59/100 | box_loss=1.36483 | cls_loss=0.62497 | dfl_loss=0.94709 | precision=0.6796 | recall=0.5638 | mAP50=0.6045 | mAP50-95=0.3785 | per_class(mAP50/mAP50-95)=[car=0.797/0.486 truck=0.637/0.458 bus=0.611/0.471 motor=0.456/0.214 bike=0.521/0.263]
[2026-08-17T01:23:50.366261+07:00] epoch 60/100 | box_loss=1.36073 | cls_loss=0.62324 | dfl_loss=0.94738 | precision=0.6899 | recall=0.5621 | mAP50=0.6044 | mAP50-95=0.3792 | per_class(mAP50/mAP50-95)=[car=0.797/0.486 truck=0.637/0.459 bus=0.612/0.470 motor=0.456/0.219 bike=0.520/0.261]
[2026-08-17T01:30:50.612417+07:00] epoch 61/100 | box_loss=1.35900 | cls_loss=0.62205 | dfl_loss=0.94556 | precision=0.6835 | recall=0.5661 | mAP50=0.6051 | mAP50-95=0.3809 | per_class(mAP50/mAP50-95)=[car=0.798/0.487 truck=0.637/0.461 bus=0.612/0.472 motor=0.457/0.224 bike=0.521/0.260]
[2026-08-17T01:37:51.534141+07:00] epoch 62/100 | box_loss=1.36007 | cls_loss=0.62146 | dfl_loss=0.94685 | precision=0.6802 | recall=0.5612 | mAP50=0.6059 | mAP50-95=0.3802 | per_class(mAP50/mAP50-95)=[car=0.798/0.487 truck=0.638/0.460 bus=0.612/0.471 motor=0.459/0.225 bike=0.523/0.259]
[2026-08-17T01:44:51.459291+07:00] epoch 63/100 | box_loss=1.36005 | cls_loss=0.62052 | dfl_loss=0.94622 | precision=0.6826 | recall=0.5544 | mAP50=0.6065 | mAP50-95=0.3807 | per_class(mAP50/mAP50-95)=[car=0.798/0.487 truck=0.638/0.460 bus=0.614/0.471 motor=0.459/0.226 bike=0.524/0.259]
[2026-08-17T01:51:50.466856+07:00] epoch 64/100 | box_loss=1.35543 | cls_loss=0.61749 | dfl_loss=0.94629 | precision=0.6858 | recall=0.5567 | mAP50=0.6086 | mAP50-95=0.3816 | per_class(mAP50/mAP50-95)=[car=0.798/0.487 truck=0.638/0.460 bus=0.614/0.471 motor=0.464/0.229 bike=0.529/0.260]
[2026-08-17T01:58:51.954241+07:00] epoch 65/100 | box_loss=1.35287 | cls_loss=0.61458 | dfl_loss=0.94505 | precision=0.6808 | recall=0.5571 | mAP50=0.6095 | mAP50-95=0.3815 | per_class(mAP50/mAP50-95)=[car=0.798/0.487 truck=0.639/0.460 bus=0.614/0.471 motor=0.468/0.228 bike=0.530/0.261]
[2026-08-17T02:05:53.510667+07:00] epoch 66/100 | box_loss=1.35263 | cls_loss=0.61513 | dfl_loss=0.94413 | precision=0.6974 | recall=0.5502 | mAP50=0.6092 | mAP50-95=0.3823 | per_class(mAP50/mAP50-95)=[car=0.798/0.487 truck=0.639/0.460 bus=0.613/0.472 motor=0.465/0.227 bike=0.532/0.266]
[2026-08-17T02:12:52.287537+07:00] epoch 67/100 | box_loss=1.35100 | cls_loss=0.61354 | dfl_loss=0.94423 | precision=0.7219 | recall=0.5383 | mAP50=0.6097 | mAP50-95=0.3821 | per_class(mAP50/mAP50-95)=[car=0.798/0.488 truck=0.640/0.460 bus=0.613/0.471 motor=0.462/0.229 bike=0.535/0.263]
[2026-08-17T02:19:54.555345+07:00] epoch 68/100 | box_loss=1.34961 | cls_loss=0.61291 | dfl_loss=0.94382 | precision=0.7272 | recall=0.5376 | mAP50=0.6106 | mAP50-95=0.3824 | per_class(mAP50/mAP50-95)=[car=0.799/0.488 truck=0.641/0.461 bus=0.614/0.472 motor=0.463/0.228 bike=0.536/0.264]
[2026-08-17T02:26:56.568849+07:00] epoch 69/100 | box_loss=1.35000 | cls_loss=0.61078 | dfl_loss=0.94302 | precision=0.7347 | recall=0.5383 | mAP50=0.6115 | mAP50-95=0.3826 | per_class(mAP50/mAP50-95)=[car=0.799/0.488 truck=0.640/0.460 bus=0.615/0.472 motor=0.462/0.227 bike=0.541/0.266]
[2026-08-17T02:33:57.127514+07:00] epoch 70/100 | box_loss=1.34760 | cls_loss=0.60994 | dfl_loss=0.94289 | precision=0.7130 | recall=0.5450 | mAP50=0.6117 | mAP50-95=0.3824 | per_class(mAP50/mAP50-95)=[car=0.798/0.488 truck=0.640/0.460 bus=0.616/0.471 motor=0.462/0.228 bike=0.542/0.265]
[2026-08-17T02:40:58.268144+07:00] epoch 71/100 | box_loss=1.34418 | cls_loss=0.60738 | dfl_loss=0.94105 | precision=0.6890 | recall=0.5632 | mAP50=0.6125 | mAP50-95=0.3830 | per_class(mAP50/mAP50-95)=[car=0.798/0.488 truck=0.639/0.461 bus=0.617/0.470 motor=0.461/0.228 bike=0.546/0.268]
[2026-08-17T02:47:59.490711+07:00] epoch 72/100 | box_loss=1.33968 | cls_loss=0.60484 | dfl_loss=0.93989 | precision=0.6927 | recall=0.5581 | mAP50=0.6130 | mAP50-95=0.3852 | per_class(mAP50/mAP50-95)=[car=0.798/0.488 truck=0.641/0.461 bus=0.618/0.472 motor=0.461/0.233 bike=0.547/0.271]
[2026-08-17T02:55:00.478980+07:00] epoch 73/100 | box_loss=1.33956 | cls_loss=0.60406 | dfl_loss=0.94009 | precision=0.6900 | recall=0.5630 | mAP50=0.6122 | mAP50-95=0.3849 | per_class(mAP50/mAP50-95)=[car=0.798/0.488 truck=0.642/0.463 bus=0.617/0.471 motor=0.461/0.234 bike=0.542/0.269]
[2026-08-17T03:02:00.619117+07:00] epoch 74/100 | box_loss=1.34040 | cls_loss=0.60123 | dfl_loss=0.93939 | precision=0.6954 | recall=0.5588 | mAP50=0.6124 | mAP50-95=0.3843 | per_class(mAP50/mAP50-95)=[car=0.799/0.489 truck=0.641/0.463 bus=0.617/0.470 motor=0.461/0.232 bike=0.544/0.268]
[2026-08-17T03:09:01.249730+07:00] epoch 75/100 | box_loss=1.33766 | cls_loss=0.59926 | dfl_loss=0.93922 | precision=0.7126 | recall=0.5524 | mAP50=0.6141 | mAP50-95=0.3855 | per_class(mAP50/mAP50-95)=[car=0.799/0.489 truck=0.642/0.464 bus=0.618/0.470 motor=0.466/0.237 bike=0.545/0.268]
[2026-08-17T03:16:02.158633+07:00] epoch 76/100 | box_loss=1.33608 | cls_loss=0.59871 | dfl_loss=0.93782 | precision=0.7086 | recall=0.5557 | mAP50=0.6148 | mAP50-95=0.3850 | per_class(mAP50/mAP50-95)=[car=0.799/0.489 truck=0.642/0.463 bus=0.619/0.471 motor=0.470/0.234 bike=0.544/0.268]
[2026-08-17T03:23:01.251420+07:00] epoch 77/100 | box_loss=1.33246 | cls_loss=0.59371 | dfl_loss=0.93637 | precision=0.7073 | recall=0.5615 | mAP50=0.6149 | mAP50-95=0.3849 | per_class(mAP50/mAP50-95)=[car=0.800/0.490 truck=0.640/0.463 bus=0.621/0.472 motor=0.469/0.232 bike=0.545/0.268]
[2026-08-17T03:30:02.803698+07:00] epoch 78/100 | box_loss=1.33248 | cls_loss=0.59378 | dfl_loss=0.93712 | precision=0.7018 | recall=0.5618 | mAP50=0.6156 | mAP50-95=0.3864 | per_class(mAP50/mAP50-95)=[car=0.800/0.490 truck=0.641/0.464 bus=0.621/0.472 motor=0.472/0.236 bike=0.544/0.270]
[2026-08-17T03:37:03.045965+07:00] epoch 79/100 | box_loss=1.32991 | cls_loss=0.59255 | dfl_loss=0.93707 | precision=0.7121 | recall=0.5585 | mAP50=0.6158 | mAP50-95=0.3857 | per_class(mAP50/mAP50-95)=[car=0.800/0.489 truck=0.640/0.464 bus=0.621/0.472 motor=0.473/0.236 bike=0.545/0.267]
[2026-08-17T03:44:03.821095+07:00] epoch 80/100 | box_loss=1.32850 | cls_loss=0.59070 | dfl_loss=0.93645 | precision=0.7177 | recall=0.5560 | mAP50=0.6163 | mAP50-95=0.3854 | per_class(mAP50/mAP50-95)=[car=0.800/0.489 truck=0.639/0.464 bus=0.620/0.473 motor=0.476/0.233 bike=0.547/0.268]
[2026-08-17T03:50:59.292348+07:00] epoch 81/100 | box_loss=1.36635 | cls_loss=0.58756 | dfl_loss=0.94249 | precision=0.7303 | recall=0.5524 | mAP50=0.6181 | mAP50-95=0.3865 | per_class(mAP50/mAP50-95)=[car=0.800/0.489 truck=0.642/0.464 bus=0.620/0.474 motor=0.476/0.234 bike=0.553/0.271]
[2026-08-17T03:57:53.818754+07:00] epoch 82/100 | box_loss=1.36099 | cls_loss=0.58420 | dfl_loss=0.94137 | precision=0.7049 | recall=0.5639 | mAP50=0.6168 | mAP50-95=0.3861 | per_class(mAP50/mAP50-95)=[car=0.800/0.489 truck=0.640/0.463 bus=0.619/0.473 motor=0.477/0.236 bike=0.549/0.269]
[2026-08-17T04:04:49.793404+07:00] epoch 83/100 | box_loss=1.35891 | cls_loss=0.58163 | dfl_loss=0.94030 | precision=0.7076 | recall=0.5654 | mAP50=0.6169 | mAP50-95=0.3872 | per_class(mAP50/mAP50-95)=[car=0.799/0.489 truck=0.638/0.464 bus=0.619/0.473 motor=0.478/0.238 bike=0.550/0.273]
[2026-08-17T04:11:44.445815+07:00] epoch 84/100 | box_loss=1.35461 | cls_loss=0.57815 | dfl_loss=0.93805 | precision=0.7090 | recall=0.5671 | mAP50=0.6150 | mAP50-95=0.3867 | per_class(mAP50/mAP50-95)=[car=0.799/0.489 truck=0.637/0.464 bus=0.618/0.474 motor=0.474/0.237 bike=0.546/0.269]
[2026-08-17T04:18:39.273396+07:00] epoch 85/100 | box_loss=1.35278 | cls_loss=0.57572 | dfl_loss=0.93824 | precision=0.7012 | recall=0.5740 | mAP50=0.6146 | mAP50-95=0.3856 | per_class(mAP50/mAP50-95)=[car=0.799/0.489 truck=0.636/0.464 bus=0.618/0.476 motor=0.475/0.232 bike=0.544/0.267]
[2026-08-17T04:25:36.545223+07:00] epoch 86/100 | box_loss=1.34745 | cls_loss=0.57083 | dfl_loss=0.93528 | precision=0.7113 | recall=0.5594 | mAP50=0.6130 | mAP50-95=0.3872 | per_class(mAP50/mAP50-95)=[car=0.799/0.489 truck=0.634/0.463 bus=0.617/0.477 motor=0.471/0.239 bike=0.544/0.269]
[2026-08-17T04:32:29.563662+07:00] epoch 87/100 | box_loss=1.34710 | cls_loss=0.56866 | dfl_loss=0.93481 | precision=0.7085 | recall=0.5672 | mAP50=0.6122 | mAP50-95=0.3863 | per_class(mAP50/mAP50-95)=[car=0.799/0.489 truck=0.636/0.463 bus=0.617/0.476 motor=0.466/0.237 bike=0.543/0.268]
[2026-08-17T04:39:24.264368+07:00] epoch 88/100 | box_loss=1.34178 | cls_loss=0.56532 | dfl_loss=0.93487 | precision=0.7064 | recall=0.5657 | mAP50=0.6118 | mAP50-95=0.3839 | per_class(mAP50/mAP50-95)=[car=0.798/0.489 truck=0.636/0.462 bus=0.616/0.473 motor=0.462/0.227 bike=0.547/0.269]
[2026-08-17T04:46:19.893793+07:00] epoch 89/100 | box_loss=1.33889 | cls_loss=0.56241 | dfl_loss=0.93395 | precision=0.7103 | recall=0.5683 | mAP50=0.6104 | mAP50-95=0.3825 | per_class(mAP50/mAP50-95)=[car=0.796/0.489 truck=0.635/0.462 bus=0.614/0.473 motor=0.463/0.222 bike=0.544/0.266]
[2026-08-17T04:53:15.468537+07:00] epoch 90/100 | box_loss=1.33470 | cls_loss=0.55880 | dfl_loss=0.93350 | precision=0.7145 | recall=0.5650 | mAP50=0.6093 | mAP50-95=0.3813 | per_class(mAP50/mAP50-95)=[car=0.796/0.488 truck=0.634/0.462 bus=0.613/0.471 motor=0.462/0.220 bike=0.542/0.266]
[2026-08-17T05:00:11.446138+07:00] epoch 91/100 | box_loss=1.32980 | cls_loss=0.55489 | dfl_loss=0.93098 | precision=0.7105 | recall=0.5597 | mAP50=0.6078 | mAP50-95=0.3808 | per_class(mAP50/mAP50-95)=[car=0.796/0.488 truck=0.632/0.462 bus=0.614/0.472 motor=0.458/0.218 bike=0.539/0.265]
[2026-08-17T05:07:07.995335+07:00] epoch 92/100 | box_loss=1.32598 | cls_loss=0.55057 | dfl_loss=0.92997 | precision=0.7163 | recall=0.5583 | mAP50=0.6085 | mAP50-95=0.3804 | per_class(mAP50/mAP50-95)=[car=0.796/0.488 truck=0.632/0.460 bus=0.614/0.473 motor=0.461/0.216 bike=0.540/0.265]
[2026-08-17T05:14:06.321905+07:00] epoch 93/100 | box_loss=1.32235 | cls_loss=0.54794 | dfl_loss=0.92989 | precision=0.7199 | recall=0.5546 | mAP50=0.6070 | mAP50-95=0.3797 | per_class(mAP50/mAP50-95)=[car=0.796/0.488 truck=0.631/0.460 bus=0.613/0.472 motor=0.458/0.217 bike=0.537/0.262]
[2026-08-17T05:20:59.957556+07:00] epoch 94/100 | box_loss=1.31790 | cls_loss=0.54449 | dfl_loss=0.92862 | precision=0.7254 | recall=0.5510 | mAP50=0.6058 | mAP50-95=0.3791 | per_class(mAP50/mAP50-95)=[car=0.796/0.488 truck=0.631/0.459 bus=0.611/0.471 motor=0.454/0.214 bike=0.537/0.263]
[2026-08-17T05:27:57.303888+07:00] epoch 95/100 | box_loss=1.31441 | cls_loss=0.54039 | dfl_loss=0.92700 | precision=0.7269 | recall=0.5499 | mAP50=0.6046 | mAP50-95=0.3792 | per_class(mAP50/mAP50-95)=[car=0.796/0.488 truck=0.631/0.459 bus=0.610/0.470 motor=0.453/0.218 bike=0.533/0.262]
[2026-08-17T05:34:52.092523+07:00] epoch 96/100 | box_loss=1.30953 | cls_loss=0.53616 | dfl_loss=0.92617 | precision=0.7222 | recall=0.5487 | mAP50=0.6047 | mAP50-95=0.3784 | per_class(mAP50/mAP50-95)=[car=0.796/0.488 truck=0.630/0.456 bus=0.611/0.470 motor=0.454/0.219 bike=0.532/0.260]
[2026-08-17T05:41:46.491787+07:00] epoch 97/100 | box_loss=1.30565 | cls_loss=0.53250 | dfl_loss=0.92442 | precision=0.7354 | recall=0.5450 | mAP50=0.6039 | mAP50-95=0.3774 | per_class(mAP50/mAP50-95)=[car=0.796/0.487 truck=0.632/0.455 bus=0.610/0.470 motor=0.457/0.218 bike=0.525/0.258]
[2026-08-17T05:48:43.437302+07:00] epoch 98/100 | box_loss=1.30075 | cls_loss=0.52927 | dfl_loss=0.92214 | precision=0.7290 | recall=0.5438 | mAP50=0.6032 | mAP50-95=0.3749 | per_class(mAP50/mAP50-95)=[car=0.796/0.487 truck=0.630/0.453 bus=0.609/0.466 motor=0.459/0.215 bike=0.522/0.254]
[2026-08-17T05:55:39.015344+07:00] epoch 99/100 | box_loss=1.29741 | cls_loss=0.52562 | dfl_loss=0.92198 | precision=0.7278 | recall=0.5420 | mAP50=0.6023 | mAP50-95=0.3740 | per_class(mAP50/mAP50-95)=[car=0.796/0.487 truck=0.629/0.451 bus=0.608/0.466 motor=0.457/0.215 bike=0.522/0.252]
[2026-08-17T06:02:33.908552+07:00] epoch 100/100 | box_loss=1.29307 | cls_loss=0.52288 | dfl_loss=0.92122 | precision=0.7273 | recall=0.5390 | mAP50=0.6013 | mAP50-95=0.3737 | per_class(mAP50/mAP50-95)=[car=0.796/0.486 truck=0.627/0.450 bus=0.607/0.465 motor=0.456/0.214 bike=0.521/0.253]
[2026-08-17T06:02:41.965139+07:00] final validation (best.pt) | precision=0.7078 | recall=0.5654 | mAP50=0.6169 | mAP50-95=0.3871 | per_class(mAP50/mAP50-95)=[car=0.799/0.489 truck=0.638/0.464 bus=0.619/0.472 motor=0.478/0.238 bike=0.549/0.273]
[2026-08-17T06:02:43.149658+07:00] eval val_day: mAP50=0.5703 mAP50-95=0.3656
[2026-08-17T06:02:43.149658+07:00] eval val_night: mAP50=0.5757 mAP50-95=0.3563
[2026-08-17T06:02:43.149658+07:00] eval val_dawndusk: mAP50=0.5871 mAP50-95=0.3851
