[2026-08-21T21:07:36.847572+07:00] starting arm 'set3_combined' (100 epochs)
[2026-08-21T21:16:26.549931+07:00] epoch 1/100 | box_loss=1.58195 | cls_loss=1.18052 | dfl_loss=1.00018 | precision=0.5714 | recall=0.4113 | mAP50=0.4283 | mAP50-95=0.2613 | per_class(mAP50/mAP50-95)=[car=0.711/0.415 truck=0.450/0.308 bus=0.470/0.329 motor=0.241/0.118 bike=0.269/0.136]
[2026-08-21T21:23:55.466832+07:00] epoch 2/100 | box_loss=1.60818 | cls_loss=1.17252 | dfl_loss=1.00570 | precision=0.5708 | recall=0.4029 | mAP50=0.4182 | mAP50-95=0.2544 | per_class(mAP50/mAP50-95)=[car=0.710/0.416 truck=0.437/0.298 bus=0.446/0.337 motor=0.229/0.100 bike=0.269/0.120]
[2026-08-21T21:31:04.307910+07:00] epoch 3/100 | box_loss=1.63276 | cls_loss=1.19750 | dfl_loss=1.01798 | precision=0.5363 | recall=0.3966 | mAP50=0.4114 | mAP50-95=0.2447 | per_class(mAP50/mAP50-95)=[car=0.720/0.422 truck=0.443/0.294 bus=0.426/0.314 motor=0.223/0.095 bike=0.245/0.098]
[2026-08-21T21:38:08.233170+07:00] epoch 4/100 | box_loss=1.61376 | cls_loss=1.16240 | dfl_loss=1.01173 | precision=0.5907 | recall=0.4140 | mAP50=0.4485 | mAP50-95=0.2746 | per_class(mAP50/mAP50-95)=[car=0.738/0.437 truck=0.497/0.338 bus=0.497/0.363 motor=0.248/0.111 bike=0.262/0.126]
[2026-08-21T21:45:10.827060+07:00] epoch 5/100 | box_loss=1.56458 | cls_loss=1.10314 | dfl_loss=0.99747 | precision=0.5900 | recall=0.4263 | mAP50=0.4694 | mAP50-95=0.2864 | per_class(mAP50/mAP50-95)=[car=0.749/0.447 truck=0.514/0.350 bus=0.511/0.379 motor=0.289/0.124 bike=0.284/0.132]
[2026-08-21T21:52:13.946833+07:00] epoch 6/100 | box_loss=1.54014 | cls_loss=1.06921 | dfl_loss=0.98874 | precision=0.6243 | recall=0.4537 | mAP50=0.4918 | mAP50-95=0.3083 | per_class(mAP50/mAP50-95)=[car=0.759/0.454 truck=0.556/0.385 bus=0.533/0.402 motor=0.306/0.147 bike=0.305/0.153]
[2026-08-21T21:59:16.975948+07:00] epoch 7/100 | box_loss=1.51954 | cls_loss=1.04182 | dfl_loss=0.98101 | precision=0.7127 | recall=0.4244 | mAP50=0.5008 | mAP50-95=0.3135 | per_class(mAP50/mAP50-95)=[car=0.765/0.459 truck=0.546/0.383 bus=0.524/0.396 motor=0.299/0.153 bike=0.370/0.177]
[2026-08-21T22:06:19.751192+07:00] epoch 8/100 | box_loss=1.51142 | cls_loss=1.03062 | dfl_loss=0.97883 | precision=0.7469 | recall=0.4636 | mAP50=0.5362 | mAP50-95=0.3300 | per_class(mAP50/mAP50-95)=[car=0.766/0.461 truck=0.576/0.399 bus=0.561/0.424 motor=0.357/0.155 bike=0.421/0.211]
[2026-08-21T22:13:23.770305+07:00] epoch 9/100 | box_loss=1.50012 | cls_loss=1.01744 | dfl_loss=0.97441 | precision=0.6681 | recall=0.4737 | mAP50=0.5327 | mAP50-95=0.3337 | per_class(mAP50/mAP50-95)=[car=0.769/0.464 truck=0.585/0.413 bus=0.569/0.434 motor=0.310/0.145 bike=0.430/0.213]
[2026-08-21T22:20:27.344033+07:00] epoch 10/100 | box_loss=1.49480 | cls_loss=1.01140 | dfl_loss=0.97132 | precision=0.6676 | recall=0.4736 | mAP50=0.5410 | mAP50-95=0.3370 | per_class(mAP50/mAP50-95)=[car=0.772/0.466 truck=0.579/0.409 bus=0.574/0.432 motor=0.361/0.172 bike=0.419/0.206]
[2026-08-21T22:27:31.362287+07:00] epoch 11/100 | box_loss=1.48709 | cls_loss=1.00069 | dfl_loss=0.97011 | precision=0.7098 | recall=0.4915 | mAP50=0.5544 | mAP50-95=0.3457 | per_class(mAP50/mAP50-95)=[car=0.776/0.468 truck=0.594/0.416 bus=0.581/0.447 motor=0.371/0.175 bike=0.450/0.223]
[2026-08-21T22:34:35.678613+07:00] epoch 12/100 | box_loss=1.48016 | cls_loss=0.99511 | dfl_loss=0.96790 | precision=0.6715 | recall=0.5065 | mAP50=0.5577 | mAP50-95=0.3494 | per_class(mAP50/mAP50-95)=[car=0.778/0.470 truck=0.603/0.422 bus=0.582/0.448 motor=0.383/0.182 bike=0.443/0.224]
[2026-08-21T22:41:38.944262+07:00] epoch 13/100 | box_loss=1.47380 | cls_loss=0.98522 | dfl_loss=0.96676 | precision=0.6951 | recall=0.5031 | mAP50=0.5621 | mAP50-95=0.3493 | per_class(mAP50/mAP50-95)=[car=0.778/0.471 truck=0.607/0.425 bus=0.593/0.452 motor=0.391/0.177 bike=0.442/0.222]
[2026-08-21T22:48:42.907687+07:00] epoch 14/100 | box_loss=1.47174 | cls_loss=0.98338 | dfl_loss=0.96453 | precision=0.7335 | recall=0.4995 | mAP50=0.5696 | mAP50-95=0.3515 | per_class(mAP50/mAP50-95)=[car=0.780/0.472 truck=0.605/0.427 bus=0.600/0.453 motor=0.391/0.174 bike=0.472/0.231]
[2026-08-21T22:55:46.132659+07:00] epoch 15/100 | box_loss=1.46697 | cls_loss=0.97889 | dfl_loss=0.96427 | precision=0.7115 | recall=0.4974 | mAP50=0.5684 | mAP50-95=0.3547 | per_class(mAP50/mAP50-95)=[car=0.781/0.473 truck=0.604/0.427 bus=0.604/0.462 motor=0.388/0.177 bike=0.465/0.234]
[2026-08-21T23:02:49.114623+07:00] epoch 16/100 | box_loss=1.46561 | cls_loss=0.97680 | dfl_loss=0.96326 | precision=0.6842 | recall=0.5161 | mAP50=0.5693 | mAP50-95=0.3549 | per_class(mAP50/mAP50-95)=[car=0.781/0.473 truck=0.609/0.427 bus=0.605/0.465 motor=0.389/0.178 bike=0.463/0.232]
[2026-08-21T23:09:51.103100+07:00] epoch 17/100 | box_loss=1.46079 | cls_loss=0.97134 | dfl_loss=0.96270 | precision=0.6873 | recall=0.5230 | mAP50=0.5709 | mAP50-95=0.3563 | per_class(mAP50/mAP50-95)=[car=0.782/0.474 truck=0.611/0.427 bus=0.603/0.465 motor=0.391/0.180 bike=0.468/0.235]
[2026-08-21T23:16:53.583124+07:00] epoch 18/100 | box_loss=1.45940 | cls_loss=0.96711 | dfl_loss=0.96180 | precision=0.6749 | recall=0.5329 | mAP50=0.5723 | mAP50-95=0.3577 | per_class(mAP50/mAP50-95)=[car=0.782/0.474 truck=0.611/0.429 bus=0.603/0.464 motor=0.411/0.186 bike=0.454/0.235]
[2026-08-21T23:23:54.386830+07:00] epoch 19/100 | box_loss=1.45777 | cls_loss=0.96453 | dfl_loss=0.96023 | precision=0.6807 | recall=0.5192 | mAP50=0.5739 | mAP50-95=0.3577 | per_class(mAP50/mAP50-95)=[car=0.783/0.475 truck=0.610/0.430 bus=0.603/0.464 motor=0.417/0.188 bike=0.457/0.232]
[2026-08-21T23:30:58.980421+07:00] epoch 20/100 | box_loss=1.45647 | cls_loss=0.96344 | dfl_loss=0.96009 | precision=0.6759 | recall=0.5221 | mAP50=0.5768 | mAP50-95=0.3554 | per_class(mAP50/mAP50-95)=[car=0.784/0.475 truck=0.607/0.429 bus=0.600/0.463 motor=0.431/0.188 bike=0.463/0.222]
[2026-08-21T23:38:02.099217+07:00] epoch 21/100 | box_loss=1.45167 | cls_loss=0.95678 | dfl_loss=0.95862 | precision=0.6765 | recall=0.5249 | mAP50=0.5768 | mAP50-95=0.3574 | per_class(mAP50/mAP50-95)=[car=0.784/0.475 truck=0.607/0.430 bus=0.601/0.463 motor=0.431/0.193 bike=0.461/0.226]
[2026-08-21T23:45:05.511286+07:00] epoch 22/100 | box_loss=1.44967 | cls_loss=0.95836 | dfl_loss=0.95748 | precision=0.7008 | recall=0.5240 | mAP50=0.5807 | mAP50-95=0.3588 | per_class(mAP50/mAP50-95)=[car=0.785/0.476 truck=0.608/0.430 bus=0.600/0.464 motor=0.433/0.193 bike=0.477/0.231]
[2026-08-21T23:52:07.683530+07:00] epoch 23/100 | box_loss=1.44561 | cls_loss=0.95273 | dfl_loss=0.95763 | precision=0.7077 | recall=0.5233 | mAP50=0.5824 | mAP50-95=0.3594 | per_class(mAP50/mAP50-95)=[car=0.785/0.476 truck=0.608/0.430 bus=0.603/0.463 motor=0.435/0.194 bike=0.481/0.234]
[2026-08-21T23:59:10.011035+07:00] epoch 24/100 | box_loss=1.44718 | cls_loss=0.95231 | dfl_loss=0.95749 | precision=0.7120 | recall=0.5206 | mAP50=0.5826 | mAP50-95=0.3604 | per_class(mAP50/mAP50-95)=[car=0.786/0.476 truck=0.610/0.432 bus=0.603/0.465 motor=0.438/0.195 bike=0.476/0.234]
[2026-08-22T00:06:12.473002+07:00] epoch 25/100 | box_loss=1.44402 | cls_loss=0.94776 | dfl_loss=0.95581 | precision=0.7201 | recall=0.5221 | mAP50=0.5799 | mAP50-95=0.3601 | per_class(mAP50/mAP50-95)=[car=0.785/0.477 truck=0.611/0.434 bus=0.605/0.466 motor=0.423/0.190 bike=0.475/0.233]
[2026-08-22T00:13:15.795398+07:00] epoch 26/100 | box_loss=1.44178 | cls_loss=0.94665 | dfl_loss=0.95614 | precision=0.7254 | recall=0.5166 | mAP50=0.5813 | mAP50-95=0.3620 | per_class(mAP50/mAP50-95)=[car=0.786/0.477 truck=0.612/0.434 bus=0.609/0.467 motor=0.424/0.190 bike=0.475/0.242]
[2026-08-22T00:20:17.540488+07:00] epoch 27/100 | box_loss=1.44101 | cls_loss=0.94727 | dfl_loss=0.95539 | precision=0.7154 | recall=0.5212 | mAP50=0.5832 | mAP50-95=0.3624 | per_class(mAP50/mAP50-95)=[car=0.786/0.477 truck=0.614/0.434 bus=0.610/0.467 motor=0.430/0.192 bike=0.477/0.242]
[2026-08-22T00:27:19.874529+07:00] epoch 28/100 | box_loss=1.43621 | cls_loss=0.94119 | dfl_loss=0.95490 | precision=0.7167 | recall=0.5254 | mAP50=0.5863 | mAP50-95=0.3636 | per_class(mAP50/mAP50-95)=[car=0.786/0.478 truck=0.614/0.435 bus=0.609/0.469 motor=0.438/0.194 bike=0.483/0.241]
[2026-08-22T00:34:21.961186+07:00] epoch 29/100 | box_loss=1.43722 | cls_loss=0.94025 | dfl_loss=0.95465 | precision=0.7269 | recall=0.5218 | mAP50=0.5880 | mAP50-95=0.3629 | per_class(mAP50/mAP50-95)=[car=0.787/0.477 truck=0.616/0.436 bus=0.608/0.469 motor=0.441/0.193 bike=0.488/0.239]
[2026-08-22T00:41:23.539060+07:00] epoch 30/100 | box_loss=1.43450 | cls_loss=0.93870 | dfl_loss=0.95352 | precision=0.7310 | recall=0.5239 | mAP50=0.5907 | mAP50-95=0.3634 | per_class(mAP50/mAP50-95)=[car=0.786/0.478 truck=0.617/0.438 bus=0.610/0.469 motor=0.443/0.191 bike=0.496/0.242]
[2026-08-22T00:48:25.504842+07:00] epoch 31/100 | box_loss=1.43089 | cls_loss=0.93617 | dfl_loss=0.95345 | precision=0.7250 | recall=0.5238 | mAP50=0.5914 | mAP50-95=0.3645 | per_class(mAP50/mAP50-95)=[car=0.787/0.478 truck=0.617/0.439 bus=0.611/0.469 motor=0.443/0.192 bike=0.498/0.245]
[2026-08-22T00:55:28.755978+07:00] epoch 32/100 | box_loss=1.43163 | cls_loss=0.93562 | dfl_loss=0.95323 | precision=0.7286 | recall=0.5295 | mAP50=0.5926 | mAP50-95=0.3659 | per_class(mAP50/mAP50-95)=[car=0.787/0.478 truck=0.618/0.440 bus=0.614/0.470 motor=0.445/0.195 bike=0.499/0.246]
[2026-08-22T01:02:33.800155+07:00] epoch 33/100 | box_loss=1.43165 | cls_loss=0.93553 | dfl_loss=0.95413 | precision=0.7322 | recall=0.5319 | mAP50=0.5896 | mAP50-95=0.3672 | per_class(mAP50/mAP50-95)=[car=0.788/0.479 truck=0.618/0.441 bus=0.612/0.471 motor=0.434/0.196 bike=0.495/0.249]
[2026-08-22T01:09:36.286872+07:00] epoch 34/100 | box_loss=1.43017 | cls_loss=0.93266 | dfl_loss=0.95173 | precision=0.7392 | recall=0.5234 | mAP50=0.5894 | mAP50-95=0.3675 | per_class(mAP50/mAP50-95)=[car=0.788/0.479 truck=0.619/0.442 bus=0.613/0.472 motor=0.434/0.196 bike=0.493/0.248]
[2026-08-22T01:16:40.426671+07:00] epoch 35/100 | box_loss=1.42996 | cls_loss=0.93295 | dfl_loss=0.95207 | precision=0.7315 | recall=0.5354 | mAP50=0.5944 | mAP50-95=0.3698 | per_class(mAP50/mAP50-95)=[car=0.788/0.479 truck=0.621/0.444 bus=0.614/0.475 motor=0.448/0.197 bike=0.501/0.253]
[2026-08-22T01:23:41.141695+07:00] epoch 36/100 | box_loss=1.43005 | cls_loss=0.92847 | dfl_loss=0.95158 | precision=0.7315 | recall=0.5376 | mAP50=0.5991 | mAP50-95=0.3720 | per_class(mAP50/mAP50-95)=[car=0.789/0.480 truck=0.622/0.445 bus=0.614/0.476 motor=0.450/0.204 bike=0.519/0.256]
[2026-08-22T01:30:45.252521+07:00] epoch 37/100 | box_loss=1.42460 | cls_loss=0.92498 | dfl_loss=0.95082 | precision=0.7286 | recall=0.5360 | mAP50=0.5942 | mAP50-95=0.3722 | per_class(mAP50/mAP50-95)=[car=0.790/0.480 truck=0.624/0.445 bus=0.616/0.475 motor=0.419/0.200 bike=0.522/0.260]
[2026-08-22T01:37:47.633580+07:00] epoch 38/100 | box_loss=1.42481 | cls_loss=0.92555 | dfl_loss=0.95010 | precision=0.7187 | recall=0.5408 | mAP50=0.5955 | mAP50-95=0.3732 | per_class(mAP50/mAP50-95)=[car=0.790/0.481 truck=0.625/0.448 bus=0.617/0.475 motor=0.419/0.201 bike=0.525/0.261]
[2026-08-22T01:44:49.930922+07:00] epoch 39/100 | box_loss=1.42227 | cls_loss=0.92238 | dfl_loss=0.94882 | precision=0.7176 | recall=0.5409 | mAP50=0.5957 | mAP50-95=0.3736 | per_class(mAP50/mAP50-95)=[car=0.791/0.481 truck=0.627/0.450 bus=0.617/0.477 motor=0.421/0.202 bike=0.524/0.259]
[2026-08-22T01:51:53.601319+07:00] epoch 40/100 | box_loss=1.42222 | cls_loss=0.92137 | dfl_loss=0.94843 | precision=0.7217 | recall=0.5390 | mAP50=0.5982 | mAP50-95=0.3751 | per_class(mAP50/mAP50-95)=[car=0.791/0.481 truck=0.627/0.449 bus=0.618/0.478 motor=0.430/0.205 bike=0.525/0.261]
[2026-08-22T01:58:55.134839+07:00] epoch 41/100 | box_loss=1.41920 | cls_loss=0.91866 | dfl_loss=0.94893 | precision=0.7273 | recall=0.5393 | mAP50=0.5998 | mAP50-95=0.3766 | per_class(mAP50/mAP50-95)=[car=0.791/0.482 truck=0.628/0.451 bus=0.620/0.479 motor=0.433/0.208 bike=0.526/0.264]
[2026-08-22T02:06:00.412104+07:00] epoch 42/100 | box_loss=1.41713 | cls_loss=0.91771 | dfl_loss=0.94882 | precision=0.7330 | recall=0.5401 | mAP50=0.6001 | mAP50-95=0.3757 | per_class(mAP50/mAP50-95)=[car=0.791/0.482 truck=0.629/0.452 bus=0.619/0.479 motor=0.433/0.205 bike=0.528/0.261]
[2026-08-22T02:13:01.751363+07:00] epoch 43/100 | box_loss=1.41697 | cls_loss=0.91627 | dfl_loss=0.94857 | precision=0.7272 | recall=0.5421 | mAP50=0.6008 | mAP50-95=0.3744 | per_class(mAP50/mAP50-95)=[car=0.792/0.482 truck=0.628/0.451 bus=0.620/0.478 motor=0.436/0.200 bike=0.528/0.261]
[2026-08-22T02:20:03.275201+07:00] epoch 44/100 | box_loss=1.41728 | cls_loss=0.91399 | dfl_loss=0.94765 | precision=0.7387 | recall=0.5394 | mAP50=0.6080 | mAP50-95=0.3755 | per_class(mAP50/mAP50-95)=[car=0.792/0.483 truck=0.628/0.452 bus=0.620/0.478 motor=0.472/0.204 bike=0.528/0.260]
[2026-08-22T02:27:06.379471+07:00] epoch 45/100 | box_loss=1.41412 | cls_loss=0.91229 | dfl_loss=0.94701 | precision=0.7444 | recall=0.5332 | mAP50=0.6019 | mAP50-95=0.3749 | per_class(mAP50/mAP50-95)=[car=0.791/0.483 truck=0.628/0.452 bus=0.622/0.480 motor=0.442/0.200 bike=0.526/0.259]
[2026-08-22T02:34:08.020990+07:00] epoch 46/100 | box_loss=1.41344 | cls_loss=0.91088 | dfl_loss=0.94692 | precision=0.7355 | recall=0.5352 | mAP50=0.6035 | mAP50-95=0.3756 | per_class(mAP50/mAP50-95)=[car=0.792/0.483 truck=0.629/0.454 bus=0.623/0.478 motor=0.441/0.201 bike=0.534/0.262]
[2026-08-22T02:41:12.076669+07:00] epoch 47/100 | box_loss=1.41546 | cls_loss=0.91194 | dfl_loss=0.94736 | precision=0.7469 | recall=0.5319 | mAP50=0.6026 | mAP50-95=0.3770 | per_class(mAP50/mAP50-95)=[car=0.792/0.483 truck=0.630/0.455 bus=0.623/0.481 motor=0.441/0.203 bike=0.527/0.263]
[2026-08-22T02:48:16.466727+07:00] epoch 48/100 | box_loss=1.41060 | cls_loss=0.90875 | dfl_loss=0.94692 | precision=0.7593 | recall=0.5343 | mAP50=0.6109 | mAP50-95=0.3780 | per_class(mAP50/mAP50-95)=[car=0.793/0.484 truck=0.632/0.455 bus=0.625/0.479 motor=0.479/0.207 bike=0.526/0.266]
[2026-08-22T02:55:18.964211+07:00] epoch 49/100 | box_loss=1.41072 | cls_loss=0.90703 | dfl_loss=0.94662 | precision=0.7602 | recall=0.5346 | mAP50=0.6114 | mAP50-95=0.3782 | per_class(mAP50/mAP50-95)=[car=0.794/0.484 truck=0.631/0.456 bus=0.627/0.480 motor=0.480/0.205 bike=0.524/0.266]
[2026-08-22T03:02:20.873006+07:00] epoch 50/100 | box_loss=1.40965 | cls_loss=0.90572 | dfl_loss=0.94523 | precision=0.7596 | recall=0.5370 | mAP50=0.6127 | mAP50-95=0.3785 | per_class(mAP50/mAP50-95)=[car=0.794/0.484 truck=0.632/0.457 bus=0.626/0.479 motor=0.484/0.207 bike=0.528/0.265]
[2026-08-22T03:09:25.183058+07:00] epoch 51/100 | box_loss=1.40960 | cls_loss=0.90477 | dfl_loss=0.94530 | precision=0.7634 | recall=0.5361 | mAP50=0.6117 | mAP50-95=0.3791 | per_class(mAP50/mAP50-95)=[car=0.794/0.484 truck=0.632/0.457 bus=0.625/0.480 motor=0.482/0.209 bike=0.525/0.266]
[2026-08-22T03:16:25.099998+07:00] epoch 52/100 | box_loss=1.40628 | cls_loss=0.90254 | dfl_loss=0.94372 | precision=0.7538 | recall=0.5323 | mAP50=0.6122 | mAP50-95=0.3785 | per_class(mAP50/mAP50-95)=[car=0.795/0.485 truck=0.632/0.457 bus=0.626/0.478 motor=0.488/0.211 bike=0.521/0.262]
[2026-08-22T03:23:28.264645+07:00] epoch 53/100 | box_loss=1.40236 | cls_loss=0.89769 | dfl_loss=0.94392 | precision=0.7479 | recall=0.5351 | mAP50=0.6134 | mAP50-95=0.3800 | per_class(mAP50/mAP50-95)=[car=0.795/0.485 truck=0.632/0.456 bus=0.629/0.480 motor=0.489/0.213 bike=0.522/0.265]
[2026-08-22T03:30:30.240503+07:00] epoch 54/100 | box_loss=1.40471 | cls_loss=0.90000 | dfl_loss=0.94392 | precision=0.7503 | recall=0.5391 | mAP50=0.6141 | mAP50-95=0.3814 | per_class(mAP50/mAP50-95)=[car=0.796/0.485 truck=0.632/0.458 bus=0.630/0.481 motor=0.488/0.214 bike=0.524/0.268]
[2026-08-22T03:37:30.467308+07:00] epoch 55/100 | box_loss=1.40188 | cls_loss=0.89592 | dfl_loss=0.94459 | precision=0.7518 | recall=0.5379 | mAP50=0.6145 | mAP50-95=0.3818 | per_class(mAP50/mAP50-95)=[car=0.797/0.486 truck=0.634/0.458 bus=0.631/0.484 motor=0.489/0.213 bike=0.523/0.268]
[2026-08-22T03:44:31.209201+07:00] epoch 56/100 | box_loss=1.40240 | cls_loss=0.89531 | dfl_loss=0.94323 | precision=0.7485 | recall=0.5359 | mAP50=0.6154 | mAP50-95=0.3823 | per_class(mAP50/mAP50-95)=[car=0.796/0.486 truck=0.633/0.459 bus=0.632/0.483 motor=0.486/0.213 bike=0.530/0.272]
[2026-08-22T03:51:34.609850+07:00] epoch 57/100 | box_loss=1.40100 | cls_loss=0.89487 | dfl_loss=0.94341 | precision=0.7309 | recall=0.5397 | mAP50=0.6151 | mAP50-95=0.3830 | per_class(mAP50/mAP50-95)=[car=0.797/0.486 truck=0.637/0.460 bus=0.633/0.482 motor=0.478/0.213 bike=0.532/0.274]
[2026-08-22T03:58:35.976109+07:00] epoch 58/100 | box_loss=1.40025 | cls_loss=0.89228 | dfl_loss=0.94384 | precision=0.7263 | recall=0.5418 | mAP50=0.6161 | mAP50-95=0.3823 | per_class(mAP50/mAP50-95)=[car=0.798/0.486 truck=0.638/0.461 bus=0.635/0.484 motor=0.479/0.208 bike=0.531/0.272]
[2026-08-22T04:05:39.059400+07:00] epoch 59/100 | box_loss=1.39691 | cls_loss=0.89012 | dfl_loss=0.94122 | precision=0.7286 | recall=0.5402 | mAP50=0.6172 | mAP50-95=0.3829 | per_class(mAP50/mAP50-95)=[car=0.797/0.486 truck=0.639/0.461 bus=0.635/0.486 motor=0.481/0.208 bike=0.533/0.273]
[2026-08-22T04:12:42.520758+07:00] epoch 60/100 | box_loss=1.39324 | cls_loss=0.88743 | dfl_loss=0.94161 | precision=0.7353 | recall=0.5441 | mAP50=0.6180 | mAP50-95=0.3835 | per_class(mAP50/mAP50-95)=[car=0.798/0.486 truck=0.639/0.461 bus=0.635/0.484 motor=0.482/0.211 bike=0.537/0.275]
[2026-08-22T04:19:44.114326+07:00] epoch 61/100 | box_loss=1.39279 | cls_loss=0.88585 | dfl_loss=0.93992 | precision=0.7262 | recall=0.5498 | mAP50=0.6200 | mAP50-95=0.3831 | per_class(mAP50/mAP50-95)=[car=0.798/0.486 truck=0.638/0.463 bus=0.639/0.483 motor=0.483/0.212 bike=0.541/0.271]
[2026-08-22T04:26:46.043129+07:00] epoch 62/100 | box_loss=1.39249 | cls_loss=0.88427 | dfl_loss=0.94019 | precision=0.7372 | recall=0.5494 | mAP50=0.6198 | mAP50-95=0.3832 | per_class(mAP50/mAP50-95)=[car=0.799/0.486 truck=0.639/0.463 bus=0.639/0.485 motor=0.484/0.212 bike=0.538/0.270]
[2026-08-22T04:33:49.748871+07:00] epoch 63/100 | box_loss=1.39156 | cls_loss=0.88316 | dfl_loss=0.94049 | precision=0.7366 | recall=0.5505 | mAP50=0.6202 | mAP50-95=0.3840 | per_class(mAP50/mAP50-95)=[car=0.798/0.487 truck=0.639/0.463 bus=0.639/0.485 motor=0.486/0.216 bike=0.540/0.270]
[2026-08-22T04:40:52.304118+07:00] epoch 64/100 | box_loss=1.38875 | cls_loss=0.87874 | dfl_loss=0.93982 | precision=0.7325 | recall=0.5548 | mAP50=0.6210 | mAP50-95=0.3841 | per_class(mAP50/mAP50-95)=[car=0.799/0.487 truck=0.640/0.463 bus=0.643/0.487 motor=0.482/0.218 bike=0.541/0.266]
[2026-08-22T04:47:54.609836+07:00] epoch 65/100 | box_loss=1.38660 | cls_loss=0.87667 | dfl_loss=0.93916 | precision=0.7372 | recall=0.5584 | mAP50=0.6209 | mAP50-95=0.3830 | per_class(mAP50/mAP50-95)=[car=0.799/0.487 truck=0.639/0.464 bus=0.644/0.486 motor=0.481/0.213 bike=0.541/0.266]
[2026-08-22T04:54:57.895749+07:00] epoch 66/100 | box_loss=1.38700 | cls_loss=0.87703 | dfl_loss=0.93875 | precision=0.7369 | recall=0.5611 | mAP50=0.6225 | mAP50-95=0.3831 | per_class(mAP50/mAP50-95)=[car=0.799/0.488 truck=0.641/0.463 bus=0.642/0.486 motor=0.489/0.212 bike=0.542/0.268]
[2026-08-22T05:02:01.114853+07:00] epoch 67/100 | box_loss=1.38473 | cls_loss=0.87451 | dfl_loss=0.93806 | precision=0.7397 | recall=0.5624 | mAP50=0.6241 | mAP50-95=0.3849 | per_class(mAP50/mAP50-95)=[car=0.799/0.487 truck=0.642/0.463 bus=0.644/0.487 motor=0.490/0.216 bike=0.545/0.270]
[2026-08-22T05:09:04.001740+07:00] epoch 68/100 | box_loss=1.38268 | cls_loss=0.87271 | dfl_loss=0.93695 | precision=0.7349 | recall=0.5644 | mAP50=0.6247 | mAP50-95=0.3857 | per_class(mAP50/mAP50-95)=[car=0.800/0.488 truck=0.642/0.464 bus=0.645/0.487 motor=0.491/0.218 bike=0.546/0.271]
[2026-08-22T05:16:05.203459+07:00] epoch 69/100 | box_loss=1.38321 | cls_loss=0.87148 | dfl_loss=0.93648 | precision=0.7258 | recall=0.5671 | mAP50=0.6245 | mAP50-95=0.3853 | per_class(mAP50/mAP50-95)=[car=0.800/0.488 truck=0.643/0.464 bus=0.646/0.488 motor=0.491/0.216 bike=0.543/0.270]
[2026-08-22T05:23:07.257870+07:00] epoch 70/100 | box_loss=1.38060 | cls_loss=0.86871 | dfl_loss=0.93695 | precision=0.7219 | recall=0.5688 | mAP50=0.6249 | mAP50-95=0.3853 | per_class(mAP50/mAP50-95)=[car=0.800/0.488 truck=0.642/0.465 bus=0.642/0.490 motor=0.491/0.217 bike=0.549/0.267]
[2026-08-22T05:30:10.503873+07:00] epoch 71/100 | box_loss=1.37731 | cls_loss=0.86495 | dfl_loss=0.93628 | precision=0.7058 | recall=0.5767 | mAP50=0.6248 | mAP50-95=0.3856 | per_class(mAP50/mAP50-95)=[car=0.801/0.489 truck=0.642/0.465 bus=0.646/0.492 motor=0.491/0.217 bike=0.545/0.266]
[2026-08-22T05:37:12.459855+07:00] epoch 72/100 | box_loss=1.37383 | cls_loss=0.86216 | dfl_loss=0.93557 | precision=0.6958 | recall=0.5800 | mAP50=0.6246 | mAP50-95=0.3852 | per_class(mAP50/mAP50-95)=[car=0.800/0.489 truck=0.640/0.465 bus=0.646/0.489 motor=0.486/0.217 bike=0.551/0.266]
[2026-08-22T05:44:15.751042+07:00] epoch 73/100 | box_loss=1.37466 | cls_loss=0.86132 | dfl_loss=0.93575 | precision=0.6989 | recall=0.5798 | mAP50=0.6244 | mAP50-95=0.3849 | per_class(mAP50/mAP50-95)=[car=0.800/0.488 truck=0.641/0.465 bus=0.646/0.487 motor=0.489/0.217 bike=0.546/0.266]
[2026-08-22T05:51:17.123414+07:00] epoch 74/100 | box_loss=1.37294 | cls_loss=0.85846 | dfl_loss=0.93404 | precision=0.7019 | recall=0.5746 | mAP50=0.6249 | mAP50-95=0.3855 | per_class(mAP50/mAP50-95)=[car=0.800/0.488 truck=0.642/0.465 bus=0.646/0.488 motor=0.484/0.216 bike=0.552/0.271]
[2026-08-22T05:58:20.855570+07:00] epoch 75/100 | box_loss=1.37172 | cls_loss=0.85606 | dfl_loss=0.93385 | precision=0.7098 | recall=0.5736 | mAP50=0.6260 | mAP50-95=0.3851 | per_class(mAP50/mAP50-95)=[car=0.800/0.488 truck=0.643/0.465 bus=0.645/0.486 motor=0.488/0.216 bike=0.553/0.270]
[2026-08-22T06:05:20.917067+07:00] epoch 76/100 | box_loss=1.36989 | cls_loss=0.85421 | dfl_loss=0.93385 | precision=0.7190 | recall=0.5790 | mAP50=0.6268 | mAP50-95=0.3859 | per_class(mAP50/mAP50-95)=[car=0.800/0.488 truck=0.645/0.466 bus=0.645/0.486 motor=0.492/0.221 bike=0.553/0.269]
[2026-08-22T06:12:25.549358+07:00] epoch 77/100 | box_loss=1.36697 | cls_loss=0.84810 | dfl_loss=0.93254 | precision=0.7236 | recall=0.5781 | mAP50=0.6270 | mAP50-95=0.3869 | per_class(mAP50/mAP50-95)=[car=0.800/0.488 truck=0.646/0.467 bus=0.645/0.487 motor=0.491/0.222 bike=0.553/0.270]
[2026-08-22T06:19:29.008833+07:00] epoch 78/100 | box_loss=1.36686 | cls_loss=0.84735 | dfl_loss=0.93238 | precision=0.7213 | recall=0.5790 | mAP50=0.6288 | mAP50-95=0.3875 | per_class(mAP50/mAP50-95)=[car=0.801/0.488 truck=0.646/0.469 bus=0.644/0.486 motor=0.493/0.222 bike=0.560/0.272]
[2026-08-22T06:26:32.311664+07:00] epoch 79/100 | box_loss=1.36307 | cls_loss=0.84577 | dfl_loss=0.93276 | precision=0.7207 | recall=0.5815 | mAP50=0.6297 | mAP50-95=0.3878 | per_class(mAP50/mAP50-95)=[car=0.801/0.488 truck=0.647/0.471 bus=0.645/0.487 motor=0.496/0.222 bike=0.560/0.271]
[2026-08-22T06:33:34.159457+07:00] epoch 80/100 | box_loss=1.36083 | cls_loss=0.84406 | dfl_loss=0.93123 | precision=0.7199 | recall=0.5812 | mAP50=0.6298 | mAP50-95=0.3878 | per_class(mAP50/mAP50-95)=[car=0.801/0.489 truck=0.648/0.472 bus=0.645/0.487 motor=0.498/0.222 bike=0.557/0.270]
[2026-08-22T06:40:32.006435+07:00] epoch 81/100 | box_loss=1.40419 | cls_loss=0.84776 | dfl_loss=0.94929 | precision=0.7156 | recall=0.5789 | mAP50=0.6287 | mAP50-95=0.3866 | per_class(mAP50/mAP50-95)=[car=0.801/0.489 truck=0.649/0.472 bus=0.645/0.485 motor=0.494/0.220 bike=0.555/0.267]
[2026-08-22T06:47:28.332752+07:00] epoch 82/100 | box_loss=1.40054 | cls_loss=0.84383 | dfl_loss=0.94819 | precision=0.7017 | recall=0.5862 | mAP50=0.6290 | mAP50-95=0.3869 | per_class(mAP50/mAP50-95)=[car=0.801/0.489 truck=0.650/0.472 bus=0.645/0.488 motor=0.492/0.220 bike=0.557/0.266]
[2026-08-22T06:54:25.567174+07:00] epoch 83/100 | box_loss=1.39754 | cls_loss=0.83905 | dfl_loss=0.94830 | precision=0.7110 | recall=0.5766 | mAP50=0.6287 | mAP50-95=0.3882 | per_class(mAP50/mAP50-95)=[car=0.802/0.489 truck=0.646/0.473 bus=0.645/0.490 motor=0.494/0.223 bike=0.556/0.266]
[2026-08-22T07:01:21.610030+07:00] epoch 84/100 | box_loss=1.39550 | cls_loss=0.83732 | dfl_loss=0.94655 | precision=0.7053 | recall=0.5772 | mAP50=0.6210 | mAP50-95=0.3869 | per_class(mAP50/mAP50-95)=[car=0.802/0.489 truck=0.647/0.471 bus=0.645/0.489 motor=0.456/0.220 bike=0.555/0.265]
[2026-08-22T07:08:19.249653+07:00] epoch 85/100 | box_loss=1.39303 | cls_loss=0.83228 | dfl_loss=0.94642 | precision=0.7065 | recall=0.5810 | mAP50=0.6216 | mAP50-95=0.3875 | per_class(mAP50/mAP50-95)=[car=0.802/0.489 truck=0.645/0.472 bus=0.649/0.488 motor=0.457/0.220 bike=0.555/0.268]
[2026-08-22T07:15:14.902812+07:00] epoch 86/100 | box_loss=1.38934 | cls_loss=0.82816 | dfl_loss=0.94539 | precision=0.7031 | recall=0.5797 | mAP50=0.6212 | mAP50-95=0.3857 | per_class(mAP50/mAP50-95)=[car=0.802/0.489 truck=0.647/0.472 bus=0.649/0.486 motor=0.455/0.215 bike=0.554/0.265]
[2026-08-22T07:22:10.424871+07:00] epoch 87/100 | box_loss=1.38884 | cls_loss=0.82405 | dfl_loss=0.94445 | precision=0.6952 | recall=0.5777 | mAP50=0.6192 | mAP50-95=0.3851 | per_class(mAP50/mAP50-95)=[car=0.801/0.489 truck=0.646/0.472 bus=0.648/0.486 motor=0.454/0.214 bike=0.547/0.265]
[2026-08-22T07:29:07.057287+07:00] epoch 88/100 | box_loss=1.38516 | cls_loss=0.81988 | dfl_loss=0.94354 | precision=0.6928 | recall=0.5791 | mAP50=0.6184 | mAP50-95=0.3843 | per_class(mAP50/mAP50-95)=[car=0.802/0.489 truck=0.646/0.472 bus=0.650/0.488 motor=0.449/0.210 bike=0.546/0.263]
[2026-08-22T07:36:03.534588+07:00] epoch 89/100 | box_loss=1.38250 | cls_loss=0.81553 | dfl_loss=0.94311 | precision=0.6904 | recall=0.5823 | mAP50=0.6193 | mAP50-95=0.3844 | per_class(mAP50/mAP50-95)=[car=0.802/0.489 truck=0.647/0.472 bus=0.650/0.486 motor=0.452/0.210 bike=0.545/0.265]
[2026-08-22T07:42:59.987669+07:00] epoch 90/100 | box_loss=1.37774 | cls_loss=0.81091 | dfl_loss=0.94135 | precision=0.6947 | recall=0.5837 | mAP50=0.6191 | mAP50-95=0.3847 | per_class(mAP50/mAP50-95)=[car=0.802/0.490 truck=0.648/0.473 bus=0.649/0.486 motor=0.452/0.210 bike=0.545/0.266]
[2026-08-22T07:49:57.471579+07:00] epoch 91/100 | box_loss=1.37604 | cls_loss=0.80659 | dfl_loss=0.94030 | precision=0.6923 | recall=0.5790 | mAP50=0.6185 | mAP50-95=0.3842 | per_class(mAP50/mAP50-95)=[car=0.801/0.489 truck=0.647/0.473 bus=0.649/0.486 motor=0.452/0.211 bike=0.543/0.263]
[2026-08-22T07:56:53.810701+07:00] epoch 92/100 | box_loss=1.37138 | cls_loss=0.80093 | dfl_loss=0.93854 | precision=0.7004 | recall=0.5645 | mAP50=0.6156 | mAP50-95=0.3833 | per_class(mAP50/mAP50-95)=[car=0.802/0.489 truck=0.647/0.472 bus=0.645/0.485 motor=0.443/0.207 bike=0.542/0.263]
[2026-08-22T08:03:47.718459+07:00] epoch 93/100 | box_loss=1.36869 | cls_loss=0.79730 | dfl_loss=0.93953 | precision=0.7023 | recall=0.5653 | mAP50=0.6139 | mAP50-95=0.3837 | per_class(mAP50/mAP50-95)=[car=0.801/0.489 truck=0.647/0.473 bus=0.646/0.485 motor=0.436/0.210 bike=0.541/0.262]
[2026-08-22T08:10:42.425016+07:00] epoch 94/100 | box_loss=1.36479 | cls_loss=0.79216 | dfl_loss=0.93837 | precision=0.7014 | recall=0.5680 | mAP50=0.6150 | mAP50-95=0.3829 | per_class(mAP50/mAP50-95)=[car=0.801/0.489 truck=0.646/0.471 bus=0.645/0.483 motor=0.443/0.209 bike=0.540/0.262]
[2026-08-22T08:17:37.829214+07:00] epoch 95/100 | box_loss=1.36344 | cls_loss=0.78735 | dfl_loss=0.93780 | precision=0.7053 | recall=0.5641 | mAP50=0.6139 | mAP50-95=0.3832 | per_class(mAP50/mAP50-95)=[car=0.801/0.489 truck=0.646/0.471 bus=0.645/0.483 motor=0.435/0.207 bike=0.542/0.266]
[2026-08-22T08:24:34.771410+07:00] epoch 96/100 | box_loss=1.35859 | cls_loss=0.78145 | dfl_loss=0.93675 | precision=0.7108 | recall=0.5643 | mAP50=0.6137 | mAP50-95=0.3820 | per_class(mAP50/mAP50-95)=[car=0.801/0.489 truck=0.646/0.470 bus=0.644/0.482 motor=0.437/0.205 bike=0.540/0.264]
[2026-08-22T08:31:31.756889+07:00] epoch 97/100 | box_loss=1.35555 | cls_loss=0.77621 | dfl_loss=0.93437 | precision=0.7146 | recall=0.5579 | mAP50=0.6151 | mAP50-95=0.3818 | per_class(mAP50/mAP50-95)=[car=0.801/0.489 truck=0.644/0.469 bus=0.643/0.481 motor=0.448/0.206 bike=0.539/0.264]
[2026-08-22T08:38:24.036525+07:00] epoch 98/100 | box_loss=1.35108 | cls_loss=0.77102 | dfl_loss=0.93243 | precision=0.7137 | recall=0.5604 | mAP50=0.6150 | mAP50-95=0.3814 | per_class(mAP50/mAP50-95)=[car=0.800/0.489 truck=0.644/0.468 bus=0.643/0.481 motor=0.446/0.205 bike=0.543/0.265]
[2026-08-22T08:45:20.071352+07:00] epoch 99/100 | box_loss=1.34991 | cls_loss=0.76804 | dfl_loss=0.93420 | precision=0.7123 | recall=0.5579 | mAP50=0.6136 | mAP50-95=0.3794 | per_class(mAP50/mAP50-95)=[car=0.801/0.488 truck=0.640/0.466 bus=0.641/0.480 motor=0.445/0.198 bike=0.540/0.265]
[2026-08-22T08:52:17.643360+07:00] epoch 100/100 | box_loss=1.34698 | cls_loss=0.76335 | dfl_loss=0.93295 | precision=0.7115 | recall=0.5633 | mAP50=0.6134 | mAP50-95=0.3787 | per_class(mAP50/mAP50-95)=[car=0.801/0.488 truck=0.640/0.465 bus=0.641/0.479 motor=0.443/0.199 bike=0.542/0.262]
[2026-08-22T08:52:25.769889+07:00] final validation (best.pt) | precision=0.7118 | recall=0.5744 | mAP50=0.6290 | mAP50-95=0.3879 | per_class(mAP50/mAP50-95)=[car=0.802/0.489 truck=0.649/0.473 bus=0.645/0.490 motor=0.495/0.222 bike=0.555/0.266]
[2026-08-22T08:52:27.117669+07:00] eval val_day: mAP50=0.5751 mAP50-95=0.3684
[2026-08-22T08:52:27.117669+07:00] eval val_night: mAP50=0.5904 mAP50-95=0.3635
[2026-08-22T08:52:27.117669+07:00] eval val_dawndusk: mAP50=0.5937 mAP50-95=0.3792
[2026-08-22T08:52:27.117669+07:00] eval val_day (pycocotools): mAP50=0.5407 mAP50-95=0.3446
[2026-08-22T08:52:27.117669+07:00] eval val_night (pycocotools): mAP50=0.5625 mAP50-95=0.3432
[2026-08-22T08:52:27.117669+07:00] eval val_dawndusk (pycocotools): mAP50=0.5739 mAP50-95=0.3646
